Starting Django Server with Gunicorn...
[2026-07-04 04:04:30 +0000] [1] [INFO] Starting gunicorn 22.0.0
[2026-07-04 04:04:30 +0000] [1] [INFO] Listening at: http://0.0.0.0:80 (1)
[2026-07-04 04:04:30 +0000] [1] [INFO] Using worker: gthread
[2026-07-04 04:04:30 +0000] [7] [INFO] Booting worker with pid: 7
[2026-07-04 04:04:30 +0000] [8] [INFO] Booting worker with pid: 8
[2026-07-04 04:04:30 +0000] [9] [INFO] Booting worker with pid: 9
{"level": "ERROR", "path": "/course/1/4019/", "method": "GET", "ip": "192.168.65.1", "user_agent": "python-httpx/0.28.1", "exception": "OperationalError", "message": "failed to resolve host 'db': [Errno -2] Name or service not known", "traceback": "Traceback (most recent call last):\n  File \"/opt/venv/lib/python3.12/site-packages/django/db/backends/base/base.py\", line 288, in ensure_connection\n    self.connect()\n  File \"/opt/venv/lib/python3.12/site-packages/sentry_sdk/utils.py\", line 1886, in runner\n    return sentry_patched_function(*args, **kwargs)\n           ^^^^^^^^^^^^^^^^^^^^^^^^^^^^^^^^^^^^^^^^\n  File \"/opt/venv/lib/python3.12/site-packages/sentry_sdk/integrations/django/__init__.py\", line 743, in connect\n    return real_connect(self)\n           ^^^^^^^^^^^^^^^^^^\n  File \"/opt/venv/lib/python3.12/site-packages/django/utils/asyncio.py\", line 26, in inner\n    return func(*args, **kwargs)\n           ^^^^^^^^^^^^^^^^^^^^^\n  File \"/opt/venv/lib/python3.12/site-packages/django/db/backends/base/base.py\", line 269, in connect\n    self.connection = self.get_new_connection(conn_params)\n                      ^^^^^^^^^^^^^^^^^^^^^^^^^^^^^^^^^^^^\n  File \"/opt/venv/lib/python3.12/site-packages/django/utils/asyncio.py\", line 26, in inner\n    return func(*args, **kwargs)\n           ^^^^^^^^^^^^^^^^^^^^^\n  File \"/opt/venv/lib/python3.12/site-packages/django/db/backends/postgresql/base.py\", line 275, in get_new_connection\n    connection = self.Database.connect(**conn_params)\n                 ^^^^^^^^^^^^^^^^^^^^^^^^^^^^^^^^^^^^\n  File \"/opt/venv/lib/python3.12/site-packages/psycopg/connection.py\", line 100, in connect\n    attempts = conninfo_attempts(params)\n               ^^^^^^^^^^^^^^^^^^^^^^^^^\n  File \"/opt/venv/lib/python3.12/site-packages/psycopg/_conninfo_attempts.py\", line 55, in conninfo_attempts\n    raise last_exc\npsycopg.OperationalError: failed to resolve host 'db': [Errno -2] Name or service not known\n\nThe above exception was the direct cause of the following exception:\n\nTraceback (most recent call last):\n  File \"/opt/venv/lib/python3.12/site-packages/django/core/handlers/base.py\", line 197, in _get_response\n    response = wrapped_callback(request, *callback_args, **callback_kwargs)\n               ^^^^^^^^^^^^^^^^^^^^^^^^^^^^^^^^^^^^^^^^^^^^^^^^^^^^^^^^^^^^\n  File \"/opt/venv/lib/python3.12/site-packages/sentry_sdk/integrations/django/views.py\", line 108, in sentry_wrapped_callback\n    return callback(request, *args, **kwargs)\n           ^^^^^^^^^^^^^^^^^^^^^^^^^^^^^^^^^^\n  File \"/app/tcf_website/views/courses/course_instructor.py\", line 152, in course_instructor\n    section_last_taught, course, instructor = _fetch_pair_section_anchor(\n                                              ^^^^^^^^^^^^^^^^^^^^^^^^^^^\n  File \"/app/tcf_website/views/courses/course_instructor.py\", line 37, in _fetch_pair_section_anchor\n    .first()\n     ^^^^^^^\n  File \"/opt/venv/lib/python3.12/site-packages/django/db/models/query.py\", line 1059, in first\n    for obj in queryset[:1]:\n               ~~~~~~~~^^^^\n  File \"/opt/venv/lib/python3.12/site-packages/django/db/models/query.py\", line 400, in __iter__\n    self._fetch_all()\n  File \"/opt/venv/lib/python3.12/site-packages/django/db/models/query.py\", line 1886, in _fetch_all\n    self._result_cache = list(self._iterable_class(self))\n                         ^^^^^^^^^^^^^^^^^^^^^^^^^^^^^^^^\n  File \"/opt/venv/lib/python3.12/site-packages/django/db/models/query.py\", line 93, in __iter__\n    results = compiler.execute_sql(\n              ^^^^^^^^^^^^^^^^^^^^^\n  File \"/opt/venv/lib/python3.12/site-packages/cachalot/monkey_patch.py\", line 38, in inner\n    return original(compiler, *args, **kwargs)\n           ^^^^^^^^^^^^^^^^^^^^^^^^^^^^^^^^^^^\n  File \"/opt/venv/lib/python3.12/site-packages/cachalot/monkey_patch.py\", line 101, in inner\n    return _get_result_or_execute_query(\n           ^^^^^^^^^^^^^^^^^^^^^^^^^^^^^\n  File \"/opt/venv/lib/python3.12/site-packages/cachalot/monkey_patch.py\", line 65, in _get_result_or_execute_query\n    result = execute_query_func()\n             ^^^^^^^^^^^^^^^^^^^^\n  File \"/opt/venv/lib/python3.12/site-packages/cachalot/monkey_patch.py\", line 85, in <lambda>\n    execute_query_func = lambda: original(compiler, *args, **kwargs)\n                                 ^^^^^^^^^^^^^^^^^^^^^^^^^^^^^^^^^^^\n  File \"/opt/venv/lib/python3.12/site-packages/django/db/models/sql/compiler.py\", line 1560, in execute_sql\n    cursor = self.connection.cursor()\n             ^^^^^^^^^^^^^^^^^^^^^^^^\n  File \"/opt/venv/lib/python3.12/site-packages/django/utils/asyncio.py\", line 26, in inner\n    return func(*args, **kwargs)\n           ^^^^^^^^^^^^^^^^^^^^^\n  File \"/opt/venv/lib/python3.12/site-packages/django/db/backends/base/base.py\", line 329, in cursor\n    return self._cursor()\n           ^^^^^^^^^^^^^^\n  File \"/opt/venv/lib/python3.12/site-packages/django/db/backends/base/base.py\", line 305, in _cursor\n    self.ensure_connection()\n  File \"/opt/venv/lib/python3.12/site-packages/django/utils/asyncio.py\", line 26, in inner\n    return func(*args, **kwargs)\n           ^^^^^^^^^^^^^^^^^^^^^\n  File \"/opt/venv/lib/python3.12/site-packages/django/db/backends/base/base.py\", line 287, in ensure_connection\n    with self.wrap_database_errors:\n         ^^^^^^^^^^^^^^^^^^^^^^^^^\n  File \"/opt/venv/lib/python3.12/site-packages/django/db/utils.py\", line 91, in __exit__\n    raise dj_exc_value.with_traceback(traceback) from exc_value\n  File \"/opt/venv/lib/python3.12/site-packages/django/db/backends/base/base.py\", line 288, in ensure_connection\n    self.connect()\n  File \"/opt/venv/lib/python3.12/site-packages/sentry_sdk/utils.py\", line 1886, in runner\n    return sentry_patched_function(*args, **kwargs)\n           ^^^^^^^^^^^^^^^^^^^^^^^^^^^^^^^^^^^^^^^^\n  File \"/opt/venv/lib/python3.12/site-packages/sentry_sdk/integrations/django/__init__.py\", line 743, in connect\n    return real_connect(self)\n           ^^^^^^^^^^^^^^^^^^\n  File \"/opt/venv/lib/python3.12/site-packages/django/utils/asyncio.py\", line 26, in inner\n    return func(*args, **kwargs)\n           ^^^^^^^^^^^^^^^^^^^^^\n  File \"/opt/venv/lib/python3.12/site-packages/django/db/backends/base/base.py\", line 269, in connect\n    self.connection = self.get_new_connection(conn_params)\n                      ^^^^^^^^^^^^^^^^^^^^^^^^^^^^^^^^^^^^\n  File \"/opt/venv/lib/python3.12/site-packages/django/utils/asyncio.py\", line 26, in inner\n    return func(*args, **kwargs)\n           ^^^^^^^^^^^^^^^^^^^^^\n  File \"/opt/venv/lib/python3.12/site-packages/django/db/backends/postgresql/base.py\", line 275, in get_new_connection\n    connection = self.Database.connect(**conn_params)\n                 ^^^^^^^^^^^^^^^^^^^^^^^^^^^^^^^^^^^^\n  File \"/opt/venv/lib/python3.12/site-packages/psycopg/connection.py\", line 100, in connect\n    attempts = conninfo_attempts(params)\n               ^^^^^^^^^^^^^^^^^^^^^^^^^\n  File \"/opt/venv/lib/python3.12/site-packages/psycopg/_conninfo_attempts.py\", line 55, in conninfo_attempts\n    raise last_exc\ndjango.db.utils.OperationalError: failed to resolve host 'db': [Errno -2] Name or service not known\n"}
Internal Server Error: /course/1/4019/
Traceback (most recent call last):
  File "/opt/venv/lib/python3.12/site-packages/django/db/backends/base/base.py", line 288, in ensure_connection
    self.connect()
  File "/opt/venv/lib/python3.12/site-packages/sentry_sdk/utils.py", line 1886, in runner
    return sentry_patched_function(*args, **kwargs)
           ^^^^^^^^^^^^^^^^^^^^^^^^^^^^^^^^^^^^^^^^
  File "/opt/venv/lib/python3.12/site-packages/sentry_sdk/integrations/django/__init__.py", line 743, in connect
    return real_connect(self)
           ^^^^^^^^^^^^^^^^^^
  File "/opt/venv/lib/python3.12/site-packages/django/utils/asyncio.py", line 26, in inner
    return func(*args, **kwargs)
           ^^^^^^^^^^^^^^^^^^^^^
  File "/opt/venv/lib/python3.12/site-packages/django/db/backends/base/base.py", line 269, in connect
    self.connection = self.get_new_connection(conn_params)
                      ^^^^^^^^^^^^^^^^^^^^^^^^^^^^^^^^^^^^
  File "/opt/venv/lib/python3.12/site-packages/django/utils/asyncio.py", line 26, in inner
    return func(*args, **kwargs)
           ^^^^^^^^^^^^^^^^^^^^^
  File "/opt/venv/lib/python3.12/site-packages/django/db/backends/postgresql/base.py", line 275, in get_new_connection
    connection = self.Database.connect(**conn_params)
                 ^^^^^^^^^^^^^^^^^^^^^^^^^^^^^^^^^^^^
  File "/opt/venv/lib/python3.12/site-packages/psycopg/connection.py", line 100, in connect
    attempts = conninfo_attempts(params)
               ^^^^^^^^^^^^^^^^^^^^^^^^^
  File "/opt/venv/lib/python3.12/site-packages/psycopg/_conninfo_attempts.py", line 55, in conninfo_attempts
    raise last_exc
psycopg.OperationalError: failed to resolve host 'db': [Errno -2] Name or service not known

The above exception was the direct cause of the following exception:

Traceback (most recent call last):
  File "/opt/venv/lib/python3.12/site-packages/django/core/handlers/exception.py", line 55, in inner
    response = get_response(request)
               ^^^^^^^^^^^^^^^^^^^^^
  File "/opt/venv/lib/python3.12/site-packages/django/core/handlers/base.py", line 197, in _get_response
    response = wrapped_callback(request, *callback_args, **callback_kwargs)
               ^^^^^^^^^^^^^^^^^^^^^^^^^^^^^^^^^^^^^^^^^^^^^^^^^^^^^^^^^^^^
  File "/opt/venv/lib/python3.12/site-packages/sentry_sdk/integrations/django/views.py", line 108, in sentry_wrapped_callback
    return callback(request, *args, **kwargs)
           ^^^^^^^^^^^^^^^^^^^^^^^^^^^^^^^^^^
  File "/app/tcf_website/views/courses/course_instructor.py", line 152, in course_instructor
    section_last_taught, course, instructor = _fetch_pair_section_anchor(
                                              ^^^^^^^^^^^^^^^^^^^^^^^^^^^
  File "/app/tcf_website/views/courses/course_instructor.py", line 37, in _fetch_pair_section_anchor
    .first()
     ^^^^^^^
  File "/opt/venv/lib/python3.12/site-packages/django/db/models/query.py", line 1059, in first
    for obj in queryset[:1]:
               ~~~~~~~~^^^^
  File "/opt/venv/lib/python3.12/site-packages/django/db/models/query.py", line 400, in __iter__
    self._fetch_all()
  File "/opt/venv/lib/python3.12/site-packages/django/db/models/query.py", line 1886, in _fetch_all
    self._result_cache = list(self._iterable_class(self))
                         ^^^^^^^^^^^^^^^^^^^^^^^^^^^^^^^^
  File "/opt/venv/lib/python3.12/site-packages/django/db/models/query.py", line 93, in __iter__
    results = compiler.execute_sql(
              ^^^^^^^^^^^^^^^^^^^^^
  File "/opt/venv/lib/python3.12/site-packages/cachalot/monkey_patch.py", line 38, in inner
    return original(compiler, *args, **kwargs)
           ^^^^^^^^^^^^^^^^^^^^^^^^^^^^^^^^^^^
  File "/opt/venv/lib/python3.12/site-packages/cachalot/monkey_patch.py", line 101, in inner
    return _get_result_or_execute_query(
           ^^^^^^^^^^^^^^^^^^^^^^^^^^^^^
  File "/opt/venv/lib/python3.12/site-packages/cachalot/monkey_patch.py", line 65, in _get_result_or_execute_query
    result = execute_query_func()
             ^^^^^^^^^^^^^^^^^^^^
  File "/opt/venv/lib/python3.12/site-packages/cachalot/monkey_patch.py", line 85, in <lambda>
    execute_query_func = lambda: original(compiler, *args, **kwargs)
                                 ^^^^^^^^^^^^^^^^^^^^^^^^^^^^^^^^^^^
  File "/opt/venv/lib/python3.12/site-packages/django/db/models/sql/compiler.py", line 1560, in execute_sql
    cursor = self.connection.cursor()
             ^^^^^^^^^^^^^^^^^^^^^^^^
  File "/opt/venv/lib/python3.12/site-packages/django/utils/asyncio.py", line 26, in inner
    return func(*args, **kwargs)
           ^^^^^^^^^^^^^^^^^^^^^
  File "/opt/venv/lib/python3.12/site-packages/django/db/backends/base/base.py", line 329, in cursor
    return self._cursor()
           ^^^^^^^^^^^^^^
  File "/opt/venv/lib/python3.12/site-packages/django/db/backends/base/base.py", line 305, in _cursor
    self.ensure_connection()
  File "/opt/venv/lib/python3.12/site-packages/django/utils/asyncio.py", line 26, in inner
    return func(*args, **kwargs)
           ^^^^^^^^^^^^^^^^^^^^^
  File "/opt/venv/lib/python3.12/site-packages/django/db/backends/base/base.py", line 287, in ensure_connection
    with self.wrap_database_errors:
         ^^^^^^^^^^^^^^^^^^^^^^^^^
  File "/opt/venv/lib/python3.12/site-packages/django/db/utils.py", line 91, in __exit__
    raise dj_exc_value.with_traceback(traceback) from exc_value
  File "/opt/venv/lib/python3.12/site-packages/django/db/backends/base/base.py", line 288, in ensure_connection
    self.connect()
  File "/opt/venv/lib/python3.12/site-packages/sentry_sdk/utils.py", line 1886, in runner
    return sentry_patched_function(*args, **kwargs)
           ^^^^^^^^^^^^^^^^^^^^^^^^^^^^^^^^^^^^^^^^
  File "/opt/venv/lib/python3.12/site-packages/sentry_sdk/integrations/django/__init__.py", line 743, in connect
    return real_connect(self)
           ^^^^^^^^^^^^^^^^^^
  File "/opt/venv/lib/python3.12/site-packages/django/utils/asyncio.py", line 26, in inner
    return func(*args, **kwargs)
           ^^^^^^^^^^^^^^^^^^^^^
  File "/opt/venv/lib/python3.12/site-packages/django/db/backends/base/base.py", line 269, in connect
    self.connection = self.get_new_connection(conn_params)
                      ^^^^^^^^^^^^^^^^^^^^^^^^^^^^^^^^^^^^
  File "/opt/venv/lib/python3.12/site-packages/django/utils/asyncio.py", line 26, in inner
    return func(*args, **kwargs)
           ^^^^^^^^^^^^^^^^^^^^^
  File "/opt/venv/lib/python3.12/site-packages/django/db/backends/postgresql/base.py", line 275, in get_new_connection
    connection = self.Database.connect(**conn_params)
                 ^^^^^^^^^^^^^^^^^^^^^^^^^^^^^^^^^^^^
  File "/opt/venv/lib/python3.12/site-packages/psycopg/connection.py", line 100, in connect
    attempts = conninfo_attempts(params)
               ^^^^^^^^^^^^^^^^^^^^^^^^^
  File "/opt/venv/lib/python3.12/site-packages/psycopg/_conninfo_attempts.py", line 55, in conninfo_attempts
    raise last_exc
django.db.utils.OperationalError: failed to resolve host 'db': [Errno -2] Name or service not known
{"level": "ERROR", "path": "/course/1/4019/", "method": "GET", "ip": "192.168.65.1", "user_agent": "python-httpx/0.28.1", "exception": "OperationalError", "message": "failed to resolve host 'db': [Errno -2] Name or service not known", "traceback": "Traceback (most recent call last):\n  File \"/opt/venv/lib/python3.12/site-packages/django/db/backends/base/base.py\", line 288, in ensure_connection\n    self.connect()\n  File \"/opt/venv/lib/python3.12/site-packages/sentry_sdk/utils.py\", line 1886, in runner\n    return sentry_patched_function(*args, **kwargs)\n           ^^^^^^^^^^^^^^^^^^^^^^^^^^^^^^^^^^^^^^^^\n  File \"/opt/venv/lib/python3.12/site-packages/sentry_sdk/integrations/django/__init__.py\", line 743, in connect\n    return real_connect(self)\n           ^^^^^^^^^^^^^^^^^^\n  File \"/opt/venv/lib/python3.12/site-packages/django/utils/asyncio.py\", line 26, in inner\n    return func(*args, **kwargs)\n           ^^^^^^^^^^^^^^^^^^^^^\n  File \"/opt/venv/lib/python3.12/site-packages/django/db/backends/base/base.py\", line 269, in connect\n    self.connection = self.get_new_connection(conn_params)\n                      ^^^^^^^^^^^^^^^^^^^^^^^^^^^^^^^^^^^^\n  File \"/opt/venv/lib/python3.12/site-packages/django/utils/asyncio.py\", line 26, in inner\n    return func(*args, **kwargs)\n           ^^^^^^^^^^^^^^^^^^^^^\n  File \"/opt/venv/lib/python3.12/site-packages/django/db/backends/postgresql/base.py\", line 275, in get_new_connection\n    connection = self.Database.connect(**conn_params)\n                 ^^^^^^^^^^^^^^^^^^^^^^^^^^^^^^^^^^^^\n  File \"/opt/venv/lib/python3.12/site-packages/psycopg/connection.py\", line 100, in connect\n    attempts = conninfo_attempts(params)\n               ^^^^^^^^^^^^^^^^^^^^^^^^^\n  File \"/opt/venv/lib/python3.12/site-packages/psycopg/_conninfo_attempts.py\", line 55, in conninfo_attempts\n    raise last_exc\npsycopg.OperationalError: failed to resolve host 'db': [Errno -2] Name or service not known\n\nThe above exception was the direct cause of the following exception:\n\nTraceback (most recent call last):\n  File \"/opt/venv/lib/python3.12/site-packages/django/core/handlers/base.py\", line 197, in _get_response\n    response = wrapped_callback(request, *callback_args, **callback_kwargs)\n               ^^^^^^^^^^^^^^^^^^^^^^^^^^^^^^^^^^^^^^^^^^^^^^^^^^^^^^^^^^^^\n  File \"/opt/venv/lib/python3.12/site-packages/sentry_sdk/integrations/django/views.py\", line 108, in sentry_wrapped_callback\n    return callback(request, *args, **kwargs)\n           ^^^^^^^^^^^^^^^^^^^^^^^^^^^^^^^^^^\n  File \"/app/tcf_website/views/courses/course_instructor.py\", line 152, in course_instructor\n    section_last_taught, course, instructor = _fetch_pair_section_anchor(\n                                              ^^^^^^^^^^^^^^^^^^^^^^^^^^^\n  File \"/app/tcf_website/views/courses/course_instructor.py\", line 37, in _fetch_pair_section_anchor\n    .first()\n     ^^^^^^^\n  File \"/opt/venv/lib/python3.12/site-packages/django/db/models/query.py\", line 1059, in first\n    for obj in queryset[:1]:\n               ~~~~~~~~^^^^\n  File \"/opt/venv/lib/python3.12/site-packages/django/db/models/query.py\", line 400, in __iter__\n    self._fetch_all()\n  File \"/opt/venv/lib/python3.12/site-packages/django/db/models/query.py\", line 1886, in _fetch_all\n    self._result_cache = list(self._iterable_class(self))\n                         ^^^^^^^^^^^^^^^^^^^^^^^^^^^^^^^^\n  File \"/opt/venv/lib/python3.12/site-packages/django/db/models/query.py\", line 93, in __iter__\n    results = compiler.execute_sql(\n              ^^^^^^^^^^^^^^^^^^^^^\n  File \"/opt/venv/lib/python3.12/site-packages/cachalot/monkey_patch.py\", line 38, in inner\n    return original(compiler, *args, **kwargs)\n           ^^^^^^^^^^^^^^^^^^^^^^^^^^^^^^^^^^^\n  File \"/opt/venv/lib/python3.12/site-packages/cachalot/monkey_patch.py\", line 101, in inner\n    return _get_result_or_execute_query(\n           ^^^^^^^^^^^^^^^^^^^^^^^^^^^^^\n  File \"/opt/venv/lib/python3.12/site-packages/cachalot/monkey_patch.py\", line 65, in _get_result_or_execute_query\n    result = execute_query_func()\n             ^^^^^^^^^^^^^^^^^^^^\n  File \"/opt/venv/lib/python3.12/site-packages/cachalot/monkey_patch.py\", line 85, in <lambda>\n    execute_query_func = lambda: original(compiler, *args, **kwargs)\n                                 ^^^^^^^^^^^^^^^^^^^^^^^^^^^^^^^^^^^\n  File \"/opt/venv/lib/python3.12/site-packages/django/db/models/sql/compiler.py\", line 1560, in execute_sql\n    cursor = self.connection.cursor()\n             ^^^^^^^^^^^^^^^^^^^^^^^^\n  File \"/opt/venv/lib/python3.12/site-packages/django/utils/asyncio.py\", line 26, in inner\n    return func(*args, **kwargs)\n           ^^^^^^^^^^^^^^^^^^^^^\n  File \"/opt/venv/lib/python3.12/site-packages/django/db/backends/base/base.py\", line 329, in cursor\n    return self._cursor()\n           ^^^^^^^^^^^^^^\n  File \"/opt/venv/lib/python3.12/site-packages/django/db/backends/base/base.py\", line 305, in _cursor\n    self.ensure_connection()\n  File \"/opt/venv/lib/python3.12/site-packages/django/utils/asyncio.py\", line 26, in inner\n    return func(*args, **kwargs)\n           ^^^^^^^^^^^^^^^^^^^^^\n  File \"/opt/venv/lib/python3.12/site-packages/django/db/backends/base/base.py\", line 287, in ensure_connection\n    with self.wrap_database_errors:\n         ^^^^^^^^^^^^^^^^^^^^^^^^^\n  File \"/opt/venv/lib/python3.12/site-packages/django/db/utils.py\", line 91, in __exit__\n    raise dj_exc_value.with_traceback(traceback) from exc_value\n  File \"/opt/venv/lib/python3.12/site-packages/django/db/backends/base/base.py\", line 288, in ensure_connection\n    self.connect()\n  File \"/opt/venv/lib/python3.12/site-packages/sentry_sdk/utils.py\", line 1886, in runner\n    return sentry_patched_function(*args, **kwargs)\n           ^^^^^^^^^^^^^^^^^^^^^^^^^^^^^^^^^^^^^^^^\n  File \"/opt/venv/lib/python3.12/site-packages/sentry_sdk/integrations/django/__init__.py\", line 743, in connect\n    return real_connect(self)\n           ^^^^^^^^^^^^^^^^^^\n  File \"/opt/venv/lib/python3.12/site-packages/django/utils/asyncio.py\", line 26, in inner\n    return func(*args, **kwargs)\n           ^^^^^^^^^^^^^^^^^^^^^\n  File \"/opt/venv/lib/python3.12/site-packages/django/db/backends/base/base.py\", line 269, in connect\n    self.connection = self.get_new_connection(conn_params)\n                      ^^^^^^^^^^^^^^^^^^^^^^^^^^^^^^^^^^^^\n  File \"/opt/venv/lib/python3.12/site-packages/django/utils/asyncio.py\", line 26, in inner\n    return func(*args, **kwargs)\n           ^^^^^^^^^^^^^^^^^^^^^\n  File \"/opt/venv/lib/python3.12/site-packages/django/db/backends/postgresql/base.py\", line 275, in get_new_connection\n    connection = self.Database.connect(**conn_params)\n                 ^^^^^^^^^^^^^^^^^^^^^^^^^^^^^^^^^^^^\n  File \"/opt/venv/lib/python3.12/site-packages/psycopg/connection.py\", line 100, in connect\n    attempts = conninfo_attempts(params)\n               ^^^^^^^^^^^^^^^^^^^^^^^^^\n  File \"/opt/venv/lib/python3.12/site-packages/psycopg/_conninfo_attempts.py\", line 55, in conninfo_attempts\n    raise last_exc\ndjango.db.utils.OperationalError: failed to resolve host 'db': [Errno -2] Name or service not known\n"}
Internal Server Error: /course/1/4019/
Traceback (most recent call last):
  File "/opt/venv/lib/python3.12/site-packages/django/db/backends/base/base.py", line 288, in ensure_connection
    self.connect()
  File "/opt/venv/lib/python3.12/site-packages/sentry_sdk/utils.py", line 1886, in runner
    return sentry_patched_function(*args, **kwargs)
           ^^^^^^^^^^^^^^^^^^^^^^^^^^^^^^^^^^^^^^^^
  File "/opt/venv/lib/python3.12/site-packages/sentry_sdk/integrations/django/__init__.py", line 743, in connect
    return real_connect(self)
           ^^^^^^^^^^^^^^^^^^
  File "/opt/venv/lib/python3.12/site-packages/django/utils/asyncio.py", line 26, in inner
    return func(*args, **kwargs)
           ^^^^^^^^^^^^^^^^^^^^^
  File "/opt/venv/lib/python3.12/site-packages/django/db/backends/base/base.py", line 269, in connect
    self.connection = self.get_new_connection(conn_params)
                      ^^^^^^^^^^^^^^^^^^^^^^^^^^^^^^^^^^^^
  File "/opt/venv/lib/python3.12/site-packages/django/utils/asyncio.py", line 26, in inner
    return func(*args, **kwargs)
           ^^^^^^^^^^^^^^^^^^^^^
  File "/opt/venv/lib/python3.12/site-packages/django/db/backends/postgresql/base.py", line 275, in get_new_connection
    connection = self.Database.connect(**conn_params)
                 ^^^^^^^^^^^^^^^^^^^^^^^^^^^^^^^^^^^^
  File "/opt/venv/lib/python3.12/site-packages/psycopg/connection.py", line 100, in connect
    attempts = conninfo_attempts(params)
               ^^^^^^^^^^^^^^^^^^^^^^^^^
  File "/opt/venv/lib/python3.12/site-packages/psycopg/_conninfo_attempts.py", line 55, in conninfo_attempts
    raise last_exc
psycopg.OperationalError: failed to resolve host 'db': [Errno -2] Name or service not known

The above exception was the direct cause of the following exception:

Traceback (most recent call last):
  File "/opt/venv/lib/python3.12/site-packages/django/core/handlers/exception.py", line 55, in inner
    response = get_response(request)
               ^^^^^^^^^^^^^^^^^^^^^
  File "/opt/venv/lib/python3.12/site-packages/django/core/handlers/base.py", line 197, in _get_response
    response = wrapped_callback(request, *callback_args, **callback_kwargs)
               ^^^^^^^^^^^^^^^^^^^^^^^^^^^^^^^^^^^^^^^^^^^^^^^^^^^^^^^^^^^^
  File "/opt/venv/lib/python3.12/site-packages/sentry_sdk/integrations/django/views.py", line 108, in sentry_wrapped_callback
    return callback(request, *args, **kwargs)
           ^^^^^^^^^^^^^^^^^^^^^^^^^^^^^^^^^^
  File "/app/tcf_website/views/courses/course_instructor.py", line 152, in course_instructor
    section_last_taught, course, instructor = _fetch_pair_section_anchor(
                                              ^^^^^^^^^^^^^^^^^^^^^^^^^^^
  File "/app/tcf_website/views/courses/course_instructor.py", line 37, in _fetch_pair_section_anchor
    .first()
     ^^^^^^^
  File "/opt/venv/lib/python3.12/site-packages/django/db/models/query.py", line 1059, in first
    for obj in queryset[:1]:
               ~~~~~~~~^^^^
  File "/opt/venv/lib/python3.12/site-packages/django/db/models/query.py", line 400, in __iter__
    self._fetch_all()
  File "/opt/venv/lib/python3.12/site-packages/django/db/models/query.py", line 1886, in _fetch_all
    self._result_cache = list(self._iterable_class(self))
                         ^^^^^^^^^^^^^^^^^^^^^^^^^^^^^^^^
  File "/opt/venv/lib/python3.12/site-packages/django/db/models/query.py", line 93, in __iter__
    results = compiler.execute_sql(
              ^^^^^^^^^^^^^^^^^^^^^
  File "/opt/venv/lib/python3.12/site-packages/cachalot/monkey_patch.py", line 38, in inner
    return original(compiler, *args, **kwargs)
           ^^^^^^^^^^^^^^^^^^^^^^^^^^^^^^^^^^^
  File "/opt/venv/lib/python3.12/site-packages/cachalot/monkey_patch.py", line 101, in inner
    return _get_result_or_execute_query(
           ^^^^^^^^^^^^^^^^^^^^^^^^^^^^^
  File "/opt/venv/lib/python3.12/site-packages/cachalot/monkey_patch.py", line 65, in _get_result_or_execute_query
    result = execute_query_func()
             ^^^^^^^^^^^^^^^^^^^^
  File "/opt/venv/lib/python3.12/site-packages/cachalot/monkey_patch.py", line 85, in <lambda>
    execute_query_func = lambda: original(compiler, *args, **kwargs)
                                 ^^^^^^^^^^^^^^^^^^^^^^^^^^^^^^^^^^^
  File "/opt/venv/lib/python3.12/site-packages/django/db/models/sql/compiler.py", line 1560, in execute_sql
    cursor = self.connection.cursor()
             ^^^^^^^^^^^^^^^^^^^^^^^^
  File "/opt/venv/lib/python3.12/site-packages/django/utils/asyncio.py", line 26, in inner
    return func(*args, **kwargs)
           ^^^^^^^^^^^^^^^^^^^^^
  File "/opt/venv/lib/python3.12/site-packages/django/db/backends/base/base.py", line 329, in cursor
    return self._cursor()
           ^^^^^^^^^^^^^^
  File "/opt/venv/lib/python3.12/site-packages/django/db/backends/base/base.py", line 305, in _cursor
    self.ensure_connection()
  File "/opt/venv/lib/python3.12/site-packages/django/utils/asyncio.py", line 26, in inner
    return func(*args, **kwargs)
           ^^^^^^^^^^^^^^^^^^^^^
  File "/opt/venv/lib/python3.12/site-packages/django/db/backends/base/base.py", line 287, in ensure_connection
    with self.wrap_database_errors:
         ^^^^^^^^^^^^^^^^^^^^^^^^^
  File "/opt/venv/lib/python3.12/site-packages/django/db/utils.py", line 91, in __exit__
    raise dj_exc_value.with_traceback(traceback) from exc_value
  File "/opt/venv/lib/python3.12/site-packages/django/db/backends/base/base.py", line 288, in ensure_connection
    self.connect()
  File "/opt/venv/lib/python3.12/site-packages/sentry_sdk/utils.py", line 1886, in runner
    return sentry_patched_function(*args, **kwargs)
           ^^^^^^^^^^^^^^^^^^^^^^^^^^^^^^^^^^^^^^^^
  File "/opt/venv/lib/python3.12/site-packages/sentry_sdk/integrations/django/__init__.py", line 743, in connect
    return real_connect(self)
           ^^^^^^^^^^^^^^^^^^
  File "/opt/venv/lib/python3.12/site-packages/django/utils/asyncio.py", line 26, in inner
    return func(*args, **kwargs)
           ^^^^^^^^^^^^^^^^^^^^^
  File "/opt/venv/lib/python3.12/site-packages/django/db/backends/base/base.py", line 269, in connect
    self.connection = self.get_new_connection(conn_params)
                      ^^^^^^^^^^^^^^^^^^^^^^^^^^^^^^^^^^^^
  File "/opt/venv/lib/python3.12/site-packages/django/utils/asyncio.py", line 26, in inner
    return func(*args, **kwargs)
           ^^^^^^^^^^^^^^^^^^^^^
  File "/opt/venv/lib/python3.12/site-packages/django/db/backends/postgresql/base.py", line 275, in get_new_connection
    connection = self.Database.connect(**conn_params)
                 ^^^^^^^^^^^^^^^^^^^^^^^^^^^^^^^^^^^^
  File "/opt/venv/lib/python3.12/site-packages/psycopg/connection.py", line 100, in connect
    attempts = conninfo_attempts(params)
               ^^^^^^^^^^^^^^^^^^^^^^^^^
  File "/opt/venv/lib/python3.12/site-packages/psycopg/_conninfo_attempts.py", line 55, in conninfo_attempts
    raise last_exc
django.db.utils.OperationalError: failed to resolve host 'db': [Errno -2] Name or service not known
{"level": "ERROR", "path": "/course/1/4019/", "method": "GET", "ip": "192.168.65.1", "user_agent": "python-httpx/0.28.1", "exception": "OperationalError", "message": "failed to resolve host 'db': [Errno -2] Name or service not known", "traceback": "Traceback (most recent call last):\n  File \"/opt/venv/lib/python3.12/site-packages/django/db/backends/base/base.py\", line 288, in ensure_connection\n    self.connect()\n  File \"/opt/venv/lib/python3.12/site-packages/sentry_sdk/utils.py\", line 1886, in runner\n    return sentry_patched_function(*args, **kwargs)\n           ^^^^^^^^^^^^^^^^^^^^^^^^^^^^^^^^^^^^^^^^\n  File \"/opt/venv/lib/python3.12/site-packages/sentry_sdk/integrations/django/__init__.py\", line 743, in connect\n    return real_connect(self)\n           ^^^^^^^^^^^^^^^^^^\n  File \"/opt/venv/lib/python3.12/site-packages/django/utils/asyncio.py\", line 26, in inner\n    return func(*args, **kwargs)\n           ^^^^^^^^^^^^^^^^^^^^^\n  File \"/opt/venv/lib/python3.12/site-packages/django/db/backends/base/base.py\", line 269, in connect\n    self.connection = self.get_new_connection(conn_params)\n                      ^^^^^^^^^^^^^^^^^^^^^^^^^^^^^^^^^^^^\n  File \"/opt/venv/lib/python3.12/site-packages/django/utils/asyncio.py\", line 26, in inner\n    return func(*args, **kwargs)\n           ^^^^^^^^^^^^^^^^^^^^^\n  File \"/opt/venv/lib/python3.12/site-packages/django/db/backends/postgresql/base.py\", line 275, in get_new_connection\n    connection = self.Database.connect(**conn_params)\n                 ^^^^^^^^^^^^^^^^^^^^^^^^^^^^^^^^^^^^\n  File \"/opt/venv/lib/python3.12/site-packages/psycopg/connection.py\", line 100, in connect\n    attempts = conninfo_attempts(params)\n               ^^^^^^^^^^^^^^^^^^^^^^^^^\n  File \"/opt/venv/lib/python3.12/site-packages/psycopg/_conninfo_attempts.py\", line 55, in conninfo_attempts\n    raise last_exc\npsycopg.OperationalError: failed to resolve host 'db': [Errno -2] Name or service not known\n\nThe above exception was the direct cause of the following exception:\n\nTraceback (most recent call last):\n  File \"/opt/venv/lib/python3.12/site-packages/django/core/handlers/base.py\", line 197, in _get_response\n    response = wrapped_callback(request, *callback_args, **callback_kwargs)\n               ^^^^^^^^^^^^^^^^^^^^^^^^^^^^^^^^^^^^^^^^^^^^^^^^^^^^^^^^^^^^\n  File \"/opt/venv/lib/python3.12/site-packages/sentry_sdk/integrations/django/views.py\", line 108, in sentry_wrapped_callback\n    return callback(request, *args, **kwargs)\n           ^^^^^^^^^^^^^^^^^^^^^^^^^^^^^^^^^^\n  File \"/app/tcf_website/views/courses/course_instructor.py\", line 152, in course_instructor\n    section_last_taught, course, instructor = _fetch_pair_section_anchor(\n                                              ^^^^^^^^^^^^^^^^^^^^^^^^^^^\n  File \"/app/tcf_website/views/courses/course_instructor.py\", line 37, in _fetch_pair_section_anchor\n    .first()\n     ^^^^^^^\n  File \"/opt/venv/lib/python3.12/site-packages/django/db/models/query.py\", line 1059, in first\n    for obj in queryset[:1]:\n               ~~~~~~~~^^^^\n  File \"/opt/venv/lib/python3.12/site-packages/django/db/models/query.py\", line 400, in __iter__\n    self._fetch_all()\n  File \"/opt/venv/lib/python3.12/site-packages/django/db/models/query.py\", line 1886, in _fetch_all\n    self._result_cache = list(self._iterable_class(self))\n                         ^^^^^^^^^^^^^^^^^^^^^^^^^^^^^^^^\n  File \"/opt/venv/lib/python3.12/site-packages/django/db/models/query.py\", line 93, in __iter__\n    results = compiler.execute_sql(\n              ^^^^^^^^^^^^^^^^^^^^^\n  File \"/opt/venv/lib/python3.12/site-packages/cachalot/monkey_patch.py\", line 38, in inner\n    return original(compiler, *args, **kwargs)\n           ^^^^^^^^^^^^^^^^^^^^^^^^^^^^^^^^^^^\n  File \"/opt/venv/lib/python3.12/site-packages/cachalot/monkey_patch.py\", line 101, in inner\n    return _get_result_or_execute_query(\n           ^^^^^^^^^^^^^^^^^^^^^^^^^^^^^\n  File \"/opt/venv/lib/python3.12/site-packages/cachalot/monkey_patch.py\", line 65, in _get_result_or_execute_query\n    result = execute_query_func()\n             ^^^^^^^^^^^^^^^^^^^^\n  File \"/opt/venv/lib/python3.12/site-packages/cachalot/monkey_patch.py\", line 85, in <lambda>\n    execute_query_func = lambda: original(compiler, *args, **kwargs)\n                                 ^^^^^^^^^^^^^^^^^^^^^^^^^^^^^^^^^^^\n  File \"/opt/venv/lib/python3.12/site-packages/django/db/models/sql/compiler.py\", line 1560, in execute_sql\n    cursor = self.connection.cursor()\n             ^^^^^^^^^^^^^^^^^^^^^^^^\n  File \"/opt/venv/lib/python3.12/site-packages/django/utils/asyncio.py\", line 26, in inner\n    return func(*args, **kwargs)\n           ^^^^^^^^^^^^^^^^^^^^^\n  File \"/opt/venv/lib/python3.12/site-packages/django/db/backends/base/base.py\", line 329, in cursor\n    return self._cursor()\n           ^^^^^^^^^^^^^^\n  File \"/opt/venv/lib/python3.12/site-packages/django/db/backends/base/base.py\", line 305, in _cursor\n    self.ensure_connection()\n  File \"/opt/venv/lib/python3.12/site-packages/django/utils/asyncio.py\", line 26, in inner\n    return func(*args, **kwargs)\n           ^^^^^^^^^^^^^^^^^^^^^\n  File \"/opt/venv/lib/python3.12/site-packages/django/db/backends/base/base.py\", line 287, in ensure_connection\n    with self.wrap_database_errors:\n         ^^^^^^^^^^^^^^^^^^^^^^^^^\n  File \"/opt/venv/lib/python3.12/site-packages/django/db/utils.py\", line 91, in __exit__\n    raise dj_exc_value.with_traceback(traceback) from exc_value\n  File \"/opt/venv/lib/python3.12/site-packages/django/db/backends/base/base.py\", line 288, in ensure_connection\n    self.connect()\n  File \"/opt/venv/lib/python3.12/site-packages/sentry_sdk/utils.py\", line 1886, in runner\n    return sentry_patched_function(*args, **kwargs)\n           ^^^^^^^^^^^^^^^^^^^^^^^^^^^^^^^^^^^^^^^^\n  File \"/opt/venv/lib/python3.12/site-packages/sentry_sdk/integrations/django/__init__.py\", line 743, in connect\n    return real_connect(self)\n           ^^^^^^^^^^^^^^^^^^\n  File \"/opt/venv/lib/python3.12/site-packages/django/utils/asyncio.py\", line 26, in inner\n    return func(*args, **kwargs)\n           ^^^^^^^^^^^^^^^^^^^^^\n  File \"/opt/venv/lib/python3.12/site-packages/django/db/backends/base/base.py\", line 269, in connect\n    self.connection = self.get_new_connection(conn_params)\n                      ^^^^^^^^^^^^^^^^^^^^^^^^^^^^^^^^^^^^\n  File \"/opt/venv/lib/python3.12/site-packages/django/utils/asyncio.py\", line 26, in inner\n    return func(*args, **kwargs)\n           ^^^^^^^^^^^^^^^^^^^^^\n  File \"/opt/venv/lib/python3.12/site-packages/django/db/backends/postgresql/base.py\", line 275, in get_new_connection\n    connection = self.Database.connect(**conn_params)\n                 ^^^^^^^^^^^^^^^^^^^^^^^^^^^^^^^^^^^^\n  File \"/opt/venv/lib/python3.12/site-packages/psycopg/connection.py\", line 100, in connect\n    attempts = conninfo_attempts(params)\n               ^^^^^^^^^^^^^^^^^^^^^^^^^\n  File \"/opt/venv/lib/python3.12/site-packages/psycopg/_conninfo_attempts.py\", line 55, in conninfo_attempts\n    raise last_exc\ndjango.db.utils.OperationalError: failed to resolve host 'db': [Errno -2] Name or service not known\n"}
Internal Server Error: /course/1/4019/
Traceback (most recent call last):
  File "/opt/venv/lib/python3.12/site-packages/django/db/backends/base/base.py", line 288, in ensure_connection
    self.connect()
  File "/opt/venv/lib/python3.12/site-packages/sentry_sdk/utils.py", line 1886, in runner
    return sentry_patched_function(*args, **kwargs)
           ^^^^^^^^^^^^^^^^^^^^^^^^^^^^^^^^^^^^^^^^
  File "/opt/venv/lib/python3.12/site-packages/sentry_sdk/integrations/django/__init__.py", line 743, in connect
    return real_connect(self)
           ^^^^^^^^^^^^^^^^^^
  File "/opt/venv/lib/python3.12/site-packages/django/utils/asyncio.py", line 26, in inner
    return func(*args, **kwargs)
           ^^^^^^^^^^^^^^^^^^^^^
  File "/opt/venv/lib/python3.12/site-packages/django/db/backends/base/base.py", line 269, in connect
    self.connection = self.get_new_connection(conn_params)
                      ^^^^^^^^^^^^^^^^^^^^^^^^^^^^^^^^^^^^
  File "/opt/venv/lib/python3.12/site-packages/django/utils/asyncio.py", line 26, in inner
    return func(*args, **kwargs)
           ^^^^^^^^^^^^^^^^^^^^^
  File "/opt/venv/lib/python3.12/site-packages/django/db/backends/postgresql/base.py", line 275, in get_new_connection
    connection = self.Database.connect(**conn_params)
                 ^^^^^^^^^^^^^^^^^^^^^^^^^^^^^^^^^^^^
  File "/opt/venv/lib/python3.12/site-packages/psycopg/connection.py", line 100, in connect
    attempts = conninfo_attempts(params)
               ^^^^^^^^^^^^^^^^^^^^^^^^^
  File "/opt/venv/lib/python3.12/site-packages/psycopg/_conninfo_attempts.py", line 55, in conninfo_attempts
    raise last_exc
psycopg.OperationalError: failed to resolve host 'db': [Errno -2] Name or service not known

The above exception was the direct cause of the following exception:

Traceback (most recent call last):
  File "/opt/venv/lib/python3.12/site-packages/django/core/handlers/exception.py", line 55, in inner
    response = get_response(request)
               ^^^^^^^^^^^^^^^^^^^^^
  File "/opt/venv/lib/python3.12/site-packages/django/core/handlers/base.py", line 197, in _get_response
    response = wrapped_callback(request, *callback_args, **callback_kwargs)
               ^^^^^^^^^^^^^^^^^^^^^^^^^^^^^^^^^^^^^^^^^^^^^^^^^^^^^^^^^^^^
  File "/opt/venv/lib/python3.12/site-packages/sentry_sdk/integrations/django/views.py", line 108, in sentry_wrapped_callback
    return callback(request, *args, **kwargs)
           ^^^^^^^^^^^^^^^^^^^^^^^^^^^^^^^^^^
  File "/app/tcf_website/views/courses/course_instructor.py", line 152, in course_instructor
    section_last_taught, course, instructor = _fetch_pair_section_anchor(
                                              ^^^^^^^^^^^^^^^^^^^^^^^^^^^
  File "/app/tcf_website/views/courses/course_instructor.py", line 37, in _fetch_pair_section_anchor
    .first()
     ^^^^^^^
  File "/opt/venv/lib/python3.12/site-packages/django/db/models/query.py", line 1059, in first
    for obj in queryset[:1]:
               ~~~~~~~~^^^^
  File "/opt/venv/lib/python3.12/site-packages/django/db/models/query.py", line 400, in __iter__
    self._fetch_all()
  File "/opt/venv/lib/python3.12/site-packages/django/db/models/query.py", line 1886, in _fetch_all
    self._result_cache = list(self._iterable_class(self))
                         ^^^^^^^^^^^^^^^^^^^^^^^^^^^^^^^^
  File "/opt/venv/lib/python3.12/site-packages/django/db/models/query.py", line 93, in __iter__
    results = compiler.execute_sql(
              ^^^^^^^^^^^^^^^^^^^^^
  File "/opt/venv/lib/python3.12/site-packages/cachalot/monkey_patch.py", line 38, in inner
    return original(compiler, *args, **kwargs)
           ^^^^^^^^^^^^^^^^^^^^^^^^^^^^^^^^^^^
  File "/opt/venv/lib/python3.12/site-packages/cachalot/monkey_patch.py", line 101, in inner
    return _get_result_or_execute_query(
           ^^^^^^^^^^^^^^^^^^^^^^^^^^^^^
  File "/opt/venv/lib/python3.12/site-packages/cachalot/monkey_patch.py", line 65, in _get_result_or_execute_query
    result = execute_query_func()
             ^^^^^^^^^^^^^^^^^^^^
  File "/opt/venv/lib/python3.12/site-packages/cachalot/monkey_patch.py", line 85, in <lambda>
    execute_query_func = lambda: original(compiler, *args, **kwargs)
                                 ^^^^^^^^^^^^^^^^^^^^^^^^^^^^^^^^^^^
  File "/opt/venv/lib/python3.12/site-packages/django/db/models/sql/compiler.py", line 1560, in execute_sql
    cursor = self.connection.cursor()
             ^^^^^^^^^^^^^^^^^^^^^^^^
  File "/opt/venv/lib/python3.12/site-packages/django/utils/asyncio.py", line 26, in inner
    return func(*args, **kwargs)
           ^^^^^^^^^^^^^^^^^^^^^
  File "/opt/venv/lib/python3.12/site-packages/django/db/backends/base/base.py", line 329, in cursor
    return self._cursor()
           ^^^^^^^^^^^^^^
  File "/opt/venv/lib/python3.12/site-packages/django/db/backends/base/base.py", line 305, in _cursor
    self.ensure_connection()
  File "/opt/venv/lib/python3.12/site-packages/django/utils/asyncio.py", line 26, in inner
    return func(*args, **kwargs)
           ^^^^^^^^^^^^^^^^^^^^^
  File "/opt/venv/lib/python3.12/site-packages/django/db/backends/base/base.py", line 287, in ensure_connection
    with self.wrap_database_errors:
         ^^^^^^^^^^^^^^^^^^^^^^^^^
  File "/opt/venv/lib/python3.12/site-packages/django/db/utils.py", line 91, in __exit__
    raise dj_exc_value.with_traceback(traceback) from exc_value
  File "/opt/venv/lib/python3.12/site-packages/django/db/backends/base/base.py", line 288, in ensure_connection
    self.connect()
  File "/opt/venv/lib/python3.12/site-packages/sentry_sdk/utils.py", line 1886, in runner
    return sentry_patched_function(*args, **kwargs)
           ^^^^^^^^^^^^^^^^^^^^^^^^^^^^^^^^^^^^^^^^
  File "/opt/venv/lib/python3.12/site-packages/sentry_sdk/integrations/django/__init__.py", line 743, in connect
    return real_connect(self)
           ^^^^^^^^^^^^^^^^^^
  File "/opt/venv/lib/python3.12/site-packages/django/utils/asyncio.py", line 26, in inner
    return func(*args, **kwargs)
           ^^^^^^^^^^^^^^^^^^^^^
  File "/opt/venv/lib/python3.12/site-packages/django/db/backends/base/base.py", line 269, in connect
    self.connection = self.get_new_connection(conn_params)
                      ^^^^^^^^^^^^^^^^^^^^^^^^^^^^^^^^^^^^
  File "/opt/venv/lib/python3.12/site-packages/django/utils/asyncio.py", line 26, in inner
    return func(*args, **kwargs)
           ^^^^^^^^^^^^^^^^^^^^^
  File "/opt/venv/lib/python3.12/site-packages/django/db/backends/postgresql/base.py", line 275, in get_new_connection
    connection = self.Database.connect(**conn_params)
                 ^^^^^^^^^^^^^^^^^^^^^^^^^^^^^^^^^^^^
  File "/opt/venv/lib/python3.12/site-packages/psycopg/connection.py", line 100, in connect
    attempts = conninfo_attempts(params)
               ^^^^^^^^^^^^^^^^^^^^^^^^^
  File "/opt/venv/lib/python3.12/site-packages/psycopg/_conninfo_attempts.py", line 55, in conninfo_attempts
    raise last_exc
django.db.utils.OperationalError: failed to resolve host 'db': [Errno -2] Name or service not known
