Starting Django Server with Gunicorn...
[2026-07-04 03:46:05 +0000] [1] [INFO] Starting gunicorn 22.0.0
[2026-07-04 03:46:05 +0000] [1] [INFO] Listening at: http://0.0.0.0:80 (1)
[2026-07-04 03:46:05 +0000] [1] [INFO] Using worker: gthread
[2026-07-04 03:46:05 +0000] [7] [INFO] Booting worker with pid: 7
[2026-07-04 03:46:05 +0000] [8] [INFO] Booting worker with pid: 8
[2026-07-04 03:46:05 +0000] [9] [INFO] Booting worker with pid: 9
{"level": "ERROR", "path": "/course/1/4019/", "method": "GET", "ip": "192.168.65.1", "user_agent": "python-httpx/0.28.1", "exception": "NoReverseMatch", "message": "Reverse for 'instructor_detail' not found. 'instructor_detail' is not a valid view function or pattern name.", "traceback": "Traceback (most recent call last):\n  File \"/opt/venv/lib/python3.12/site-packages/django/core/handlers/base.py\", line 197, in _get_response\n    response = wrapped_callback(request, *callback_args, **callback_kwargs)\n               ^^^^^^^^^^^^^^^^^^^^^^^^^^^^^^^^^^^^^^^^^^^^^^^^^^^^^^^^^^^^\n  File \"/opt/venv/lib/python3.12/site-packages/sentry_sdk/integrations/django/views.py\", line 108, in sentry_wrapped_callback\n    return callback(request, *args, **kwargs)\n           ^^^^^^^^^^^^^^^^^^^^^^^^^^^^^^^^^^\n  File \"/app/tcf_website/views/courses/course_instructor.py\", line 178, in course_instructor\n    return render(\n           ^^^^^^^\n  File \"/opt/venv/lib/python3.12/site-packages/sentry_sdk/utils.py\", line 1886, in runner\n    return sentry_patched_function(*args, **kwargs)\n           ^^^^^^^^^^^^^^^^^^^^^^^^^^^^^^^^^^^^^^^^\n  File \"/opt/venv/lib/python3.12/site-packages/sentry_sdk/integrations/django/templates.py\", line 127, in render\n    return real_render(request, template_name, context, *args, **kwargs)\n           ^^^^^^^^^^^^^^^^^^^^^^^^^^^^^^^^^^^^^^^^^^^^^^^^^^^^^^^^^^^^^\n  File \"/opt/venv/lib/python3.12/site-packages/django/shortcuts.py\", line 24, in render\n    content = loader.render_to_string(template_name, context, request, using=using)\n              ^^^^^^^^^^^^^^^^^^^^^^^^^^^^^^^^^^^^^^^^^^^^^^^^^^^^^^^^^^^^^^^^^^^^^\n  File \"/opt/venv/lib/python3.12/site-packages/django/template/loader.py\", line 62, in render_to_string\n    return template.render(context, request)\n           ^^^^^^^^^^^^^^^^^^^^^^^^^^^^^^^^^\n  File \"/opt/venv/lib/python3.12/site-packages/django/template/backends/django.py\", line 61, in render\n    return self.template.render(context)\n           ^^^^^^^^^^^^^^^^^^^^^^^^^^^^^\n  File \"/opt/venv/lib/python3.12/site-packages/django/template/base.py\", line 175, in render\n    return self._render(context)\n           ^^^^^^^^^^^^^^^^^^^^^\n  File \"/opt/venv/lib/python3.12/site-packages/django/template/base.py\", line 167, in _render\n    return self.nodelist.render(context)\n           ^^^^^^^^^^^^^^^^^^^^^^^^^^^^^\n  File \"/opt/venv/lib/python3.12/site-packages/django/template/base.py\", line 1005, in render\n    return SafeString(\"\".join([node.render_annotated(context) for node in self]))\n                               ^^^^^^^^^^^^^^^^^^^^^^^^^^^^^^\n  File \"/opt/venv/lib/python3.12/site-packages/django/template/base.py\", line 966, in render_annotated\n    return self.render(context)\n           ^^^^^^^^^^^^^^^^^^^^\n  File \"/opt/venv/lib/python3.12/site-packages/django/template/loader_tags.py\", line 157, in render\n    return compiled_parent._render(context)\n           ^^^^^^^^^^^^^^^^^^^^^^^^^^^^^^^^\n  File \"/opt/venv/lib/python3.12/site-packages/django/template/base.py\", line 167, in _render\n    return self.nodelist.render(context)\n           ^^^^^^^^^^^^^^^^^^^^^^^^^^^^^\n  File \"/opt/venv/lib/python3.12/site-packages/django/template/base.py\", line 1005, in render\n    return SafeString(\"\".join([node.render_annotated(context) for node in self]))\n                               ^^^^^^^^^^^^^^^^^^^^^^^^^^^^^^\n  File \"/opt/venv/lib/python3.12/site-packages/django/template/base.py\", line 966, in render_annotated\n    return self.render(context)\n           ^^^^^^^^^^^^^^^^^^^^\n  File \"/opt/venv/lib/python3.12/site-packages/django/template/loader_tags.py\", line 63, in render\n    result = block.nodelist.render(context)\n             ^^^^^^^^^^^^^^^^^^^^^^^^^^^^^^\n  File \"/opt/venv/lib/python3.12/site-packages/django/template/base.py\", line 1005, in render\n    return SafeString(\"\".join([node.render_annotated(context) for node in self]))\n                               ^^^^^^^^^^^^^^^^^^^^^^^^^^^^^^\n  File \"/opt/venv/lib/python3.12/site-packages/django/template/base.py\", line 966, in render_annotated\n    return self.render(context)\n           ^^^^^^^^^^^^^^^^^^^^\n  File \"/opt/venv/lib/python3.12/site-packages/django/template/defaulttags.py\", line 471, in render\n    url = reverse(view_name, args=args, kwargs=kwargs, current_app=current_app)\n          ^^^^^^^^^^^^^^^^^^^^^^^^^^^^^^^^^^^^^^^^^^^^^^^^^^^^^^^^^^^^^^^^^^^^^\n  File \"/opt/venv/lib/python3.12/site-packages/django/urls/base.py\", line 88, in reverse\n    return resolver._reverse_with_prefix(view, prefix, *args, **kwargs)\n           ^^^^^^^^^^^^^^^^^^^^^^^^^^^^^^^^^^^^^^^^^^^^^^^^^^^^^^^^^^^^\n  File \"/opt/venv/lib/python3.12/site-packages/django/urls/resolvers.py\", line 828, in _reverse_with_prefix\n    raise NoReverseMatch(msg)\ndjango.urls.exceptions.NoReverseMatch: Reverse for 'instructor_detail' not found. 'instructor_detail' is not a valid view function or pattern name.\n"}
Internal Server Error: /course/1/4019/
Traceback (most recent call last):
  File "/opt/venv/lib/python3.12/site-packages/django/core/handlers/exception.py", line 55, in inner
    response = get_response(request)
               ^^^^^^^^^^^^^^^^^^^^^
  File "/opt/venv/lib/python3.12/site-packages/django/core/handlers/base.py", line 197, in _get_response
    response = wrapped_callback(request, *callback_args, **callback_kwargs)
               ^^^^^^^^^^^^^^^^^^^^^^^^^^^^^^^^^^^^^^^^^^^^^^^^^^^^^^^^^^^^
  File "/opt/venv/lib/python3.12/site-packages/sentry_sdk/integrations/django/views.py", line 108, in sentry_wrapped_callback
    return callback(request, *args, **kwargs)
           ^^^^^^^^^^^^^^^^^^^^^^^^^^^^^^^^^^
  File "/app/tcf_website/views/courses/course_instructor.py", line 178, in course_instructor
    return render(
           ^^^^^^^
  File "/opt/venv/lib/python3.12/site-packages/sentry_sdk/utils.py", line 1886, in runner
    return sentry_patched_function(*args, **kwargs)
           ^^^^^^^^^^^^^^^^^^^^^^^^^^^^^^^^^^^^^^^^
  File "/opt/venv/lib/python3.12/site-packages/sentry_sdk/integrations/django/templates.py", line 127, in render
    return real_render(request, template_name, context, *args, **kwargs)
           ^^^^^^^^^^^^^^^^^^^^^^^^^^^^^^^^^^^^^^^^^^^^^^^^^^^^^^^^^^^^^
  File "/opt/venv/lib/python3.12/site-packages/django/shortcuts.py", line 24, in render
    content = loader.render_to_string(template_name, context, request, using=using)
              ^^^^^^^^^^^^^^^^^^^^^^^^^^^^^^^^^^^^^^^^^^^^^^^^^^^^^^^^^^^^^^^^^^^^^
  File "/opt/venv/lib/python3.12/site-packages/django/template/loader.py", line 62, in render_to_string
    return template.render(context, request)
           ^^^^^^^^^^^^^^^^^^^^^^^^^^^^^^^^^
  File "/opt/venv/lib/python3.12/site-packages/django/template/backends/django.py", line 61, in render
    return self.template.render(context)
           ^^^^^^^^^^^^^^^^^^^^^^^^^^^^^
  File "/opt/venv/lib/python3.12/site-packages/django/template/base.py", line 175, in render
    return self._render(context)
           ^^^^^^^^^^^^^^^^^^^^^
  File "/opt/venv/lib/python3.12/site-packages/django/template/base.py", line 167, in _render
    return self.nodelist.render(context)
           ^^^^^^^^^^^^^^^^^^^^^^^^^^^^^
  File "/opt/venv/lib/python3.12/site-packages/django/template/base.py", line 1005, in render
    return SafeString("".join([node.render_annotated(context) for node in self]))
                               ^^^^^^^^^^^^^^^^^^^^^^^^^^^^^^
  File "/opt/venv/lib/python3.12/site-packages/django/template/base.py", line 966, in render_annotated
    return self.render(context)
           ^^^^^^^^^^^^^^^^^^^^
  File "/opt/venv/lib/python3.12/site-packages/django/template/loader_tags.py", line 157, in render
    return compiled_parent._render(context)
           ^^^^^^^^^^^^^^^^^^^^^^^^^^^^^^^^
  File "/opt/venv/lib/python3.12/site-packages/django/template/base.py", line 167, in _render
    return self.nodelist.render(context)
           ^^^^^^^^^^^^^^^^^^^^^^^^^^^^^
  File "/opt/venv/lib/python3.12/site-packages/django/template/base.py", line 1005, in render
    return SafeString("".join([node.render_annotated(context) for node in self]))
                               ^^^^^^^^^^^^^^^^^^^^^^^^^^^^^^
  File "/opt/venv/lib/python3.12/site-packages/django/template/base.py", line 966, in render_annotated
    return self.render(context)
           ^^^^^^^^^^^^^^^^^^^^
  File "/opt/venv/lib/python3.12/site-packages/django/template/loader_tags.py", line 63, in render
    result = block.nodelist.render(context)
             ^^^^^^^^^^^^^^^^^^^^^^^^^^^^^^
  File "/opt/venv/lib/python3.12/site-packages/django/template/base.py", line 1005, in render
    return SafeString("".join([node.render_annotated(context) for node in self]))
                               ^^^^^^^^^^^^^^^^^^^^^^^^^^^^^^
  File "/opt/venv/lib/python3.12/site-packages/django/template/base.py", line 966, in render_annotated
    return self.render(context)
           ^^^^^^^^^^^^^^^^^^^^
  File "/opt/venv/lib/python3.12/site-packages/django/template/defaulttags.py", line 471, in render
    url = reverse(view_name, args=args, kwargs=kwargs, current_app=current_app)
          ^^^^^^^^^^^^^^^^^^^^^^^^^^^^^^^^^^^^^^^^^^^^^^^^^^^^^^^^^^^^^^^^^^^^^
  File "/opt/venv/lib/python3.12/site-packages/django/urls/base.py", line 88, in reverse
    return resolver._reverse_with_prefix(view, prefix, *args, **kwargs)
           ^^^^^^^^^^^^^^^^^^^^^^^^^^^^^^^^^^^^^^^^^^^^^^^^^^^^^^^^^^^^
  File "/opt/venv/lib/python3.12/site-packages/django/urls/resolvers.py", line 828, in _reverse_with_prefix
    raise NoReverseMatch(msg)
django.urls.exceptions.NoReverseMatch: Reverse for 'instructor_detail' not found. 'instructor_detail' is not a valid view function or pattern name.
{"level": "ERROR", "path": "/course/1/4019/", "method": "GET", "ip": "192.168.65.1", "user_agent": "python-httpx/0.28.1", "exception": "NoReverseMatch", "message": "Reverse for 'instructor_detail' not found. 'instructor_detail' is not a valid view function or pattern name.", "traceback": "Traceback (most recent call last):\n  File \"/opt/venv/lib/python3.12/site-packages/django/core/handlers/base.py\", line 197, in _get_response\n    response = wrapped_callback(request, *callback_args, **callback_kwargs)\n               ^^^^^^^^^^^^^^^^^^^^^^^^^^^^^^^^^^^^^^^^^^^^^^^^^^^^^^^^^^^^\n  File \"/opt/venv/lib/python3.12/site-packages/sentry_sdk/integrations/django/views.py\", line 108, in sentry_wrapped_callback\n    return callback(request, *args, **kwargs)\n           ^^^^^^^^^^^^^^^^^^^^^^^^^^^^^^^^^^\n  File \"/app/tcf_website/views/courses/course_instructor.py\", line 178, in course_instructor\n    return render(\n           ^^^^^^^\n  File \"/opt/venv/lib/python3.12/site-packages/sentry_sdk/utils.py\", line 1886, in runner\n    return sentry_patched_function(*args, **kwargs)\n           ^^^^^^^^^^^^^^^^^^^^^^^^^^^^^^^^^^^^^^^^\n  File \"/opt/venv/lib/python3.12/site-packages/sentry_sdk/integrations/django/templates.py\", line 127, in render\n    return real_render(request, template_name, context, *args, **kwargs)\n           ^^^^^^^^^^^^^^^^^^^^^^^^^^^^^^^^^^^^^^^^^^^^^^^^^^^^^^^^^^^^^\n  File \"/opt/venv/lib/python3.12/site-packages/django/shortcuts.py\", line 24, in render\n    content = loader.render_to_string(template_name, context, request, using=using)\n              ^^^^^^^^^^^^^^^^^^^^^^^^^^^^^^^^^^^^^^^^^^^^^^^^^^^^^^^^^^^^^^^^^^^^^\n  File \"/opt/venv/lib/python3.12/site-packages/django/template/loader.py\", line 62, in render_to_string\n    return template.render(context, request)\n           ^^^^^^^^^^^^^^^^^^^^^^^^^^^^^^^^^\n  File \"/opt/venv/lib/python3.12/site-packages/django/template/backends/django.py\", line 61, in render\n    return self.template.render(context)\n           ^^^^^^^^^^^^^^^^^^^^^^^^^^^^^\n  File \"/opt/venv/lib/python3.12/site-packages/django/template/base.py\", line 175, in render\n    return self._render(context)\n           ^^^^^^^^^^^^^^^^^^^^^\n  File \"/opt/venv/lib/python3.12/site-packages/django/template/base.py\", line 167, in _render\n    return self.nodelist.render(context)\n           ^^^^^^^^^^^^^^^^^^^^^^^^^^^^^\n  File \"/opt/venv/lib/python3.12/site-packages/django/template/base.py\", line 1005, in render\n    return SafeString(\"\".join([node.render_annotated(context) for node in self]))\n                               ^^^^^^^^^^^^^^^^^^^^^^^^^^^^^^\n  File \"/opt/venv/lib/python3.12/site-packages/django/template/base.py\", line 966, in render_annotated\n    return self.render(context)\n           ^^^^^^^^^^^^^^^^^^^^\n  File \"/opt/venv/lib/python3.12/site-packages/django/template/loader_tags.py\", line 157, in render\n    return compiled_parent._render(context)\n           ^^^^^^^^^^^^^^^^^^^^^^^^^^^^^^^^\n  File \"/opt/venv/lib/python3.12/site-packages/django/template/base.py\", line 167, in _render\n    return self.nodelist.render(context)\n           ^^^^^^^^^^^^^^^^^^^^^^^^^^^^^\n  File \"/opt/venv/lib/python3.12/site-packages/django/template/base.py\", line 1005, in render\n    return SafeString(\"\".join([node.render_annotated(context) for node in self]))\n                               ^^^^^^^^^^^^^^^^^^^^^^^^^^^^^^\n  File \"/opt/venv/lib/python3.12/site-packages/django/template/base.py\", line 966, in render_annotated\n    return self.render(context)\n           ^^^^^^^^^^^^^^^^^^^^\n  File \"/opt/venv/lib/python3.12/site-packages/django/template/loader_tags.py\", line 63, in render\n    result = block.nodelist.render(context)\n             ^^^^^^^^^^^^^^^^^^^^^^^^^^^^^^\n  File \"/opt/venv/lib/python3.12/site-packages/django/template/base.py\", line 1005, in render\n    return SafeString(\"\".join([node.render_annotated(context) for node in self]))\n                               ^^^^^^^^^^^^^^^^^^^^^^^^^^^^^^\n  File \"/opt/venv/lib/python3.12/site-packages/django/template/base.py\", line 966, in render_annotated\n    return self.render(context)\n           ^^^^^^^^^^^^^^^^^^^^\n  File \"/opt/venv/lib/python3.12/site-packages/django/template/defaulttags.py\", line 471, in render\n    url = reverse(view_name, args=args, kwargs=kwargs, current_app=current_app)\n          ^^^^^^^^^^^^^^^^^^^^^^^^^^^^^^^^^^^^^^^^^^^^^^^^^^^^^^^^^^^^^^^^^^^^^\n  File \"/opt/venv/lib/python3.12/site-packages/django/urls/base.py\", line 88, in reverse\n    return resolver._reverse_with_prefix(view, prefix, *args, **kwargs)\n           ^^^^^^^^^^^^^^^^^^^^^^^^^^^^^^^^^^^^^^^^^^^^^^^^^^^^^^^^^^^^\n  File \"/opt/venv/lib/python3.12/site-packages/django/urls/resolvers.py\", line 828, in _reverse_with_prefix\n    raise NoReverseMatch(msg)\ndjango.urls.exceptions.NoReverseMatch: Reverse for 'instructor_detail' not found. 'instructor_detail' is not a valid view function or pattern name.\n"}
Internal Server Error: /course/1/4019/
Traceback (most recent call last):
  File "/opt/venv/lib/python3.12/site-packages/django/core/handlers/exception.py", line 55, in inner
    response = get_response(request)
               ^^^^^^^^^^^^^^^^^^^^^
  File "/opt/venv/lib/python3.12/site-packages/django/core/handlers/base.py", line 197, in _get_response
    response = wrapped_callback(request, *callback_args, **callback_kwargs)
               ^^^^^^^^^^^^^^^^^^^^^^^^^^^^^^^^^^^^^^^^^^^^^^^^^^^^^^^^^^^^
  File "/opt/venv/lib/python3.12/site-packages/sentry_sdk/integrations/django/views.py", line 108, in sentry_wrapped_callback
    return callback(request, *args, **kwargs)
           ^^^^^^^^^^^^^^^^^^^^^^^^^^^^^^^^^^
  File "/app/tcf_website/views/courses/course_instructor.py", line 178, in course_instructor
    return render(
           ^^^^^^^
  File "/opt/venv/lib/python3.12/site-packages/sentry_sdk/utils.py", line 1886, in runner
    return sentry_patched_function(*args, **kwargs)
           ^^^^^^^^^^^^^^^^^^^^^^^^^^^^^^^^^^^^^^^^
  File "/opt/venv/lib/python3.12/site-packages/sentry_sdk/integrations/django/templates.py", line 127, in render
    return real_render(request, template_name, context, *args, **kwargs)
           ^^^^^^^^^^^^^^^^^^^^^^^^^^^^^^^^^^^^^^^^^^^^^^^^^^^^^^^^^^^^^
  File "/opt/venv/lib/python3.12/site-packages/django/shortcuts.py", line 24, in render
    content = loader.render_to_string(template_name, context, request, using=using)
              ^^^^^^^^^^^^^^^^^^^^^^^^^^^^^^^^^^^^^^^^^^^^^^^^^^^^^^^^^^^^^^^^^^^^^
  File "/opt/venv/lib/python3.12/site-packages/django/template/loader.py", line 62, in render_to_string
    return template.render(context, request)
           ^^^^^^^^^^^^^^^^^^^^^^^^^^^^^^^^^
  File "/opt/venv/lib/python3.12/site-packages/django/template/backends/django.py", line 61, in render
    return self.template.render(context)
           ^^^^^^^^^^^^^^^^^^^^^^^^^^^^^
  File "/opt/venv/lib/python3.12/site-packages/django/template/base.py", line 175, in render
    return self._render(context)
           ^^^^^^^^^^^^^^^^^^^^^
  File "/opt/venv/lib/python3.12/site-packages/django/template/base.py", line 167, in _render
    return self.nodelist.render(context)
           ^^^^^^^^^^^^^^^^^^^^^^^^^^^^^
  File "/opt/venv/lib/python3.12/site-packages/django/template/base.py", line 1005, in render
    return SafeString("".join([node.render_annotated(context) for node in self]))
                               ^^^^^^^^^^^^^^^^^^^^^^^^^^^^^^
  File "/opt/venv/lib/python3.12/site-packages/django/template/base.py", line 966, in render_annotated
    return self.render(context)
           ^^^^^^^^^^^^^^^^^^^^
  File "/opt/venv/lib/python3.12/site-packages/django/template/loader_tags.py", line 157, in render
    return compiled_parent._render(context)
           ^^^^^^^^^^^^^^^^^^^^^^^^^^^^^^^^
  File "/opt/venv/lib/python3.12/site-packages/django/template/base.py", line 167, in _render
    return self.nodelist.render(context)
           ^^^^^^^^^^^^^^^^^^^^^^^^^^^^^
  File "/opt/venv/lib/python3.12/site-packages/django/template/base.py", line 1005, in render
    return SafeString("".join([node.render_annotated(context) for node in self]))
                               ^^^^^^^^^^^^^^^^^^^^^^^^^^^^^^
  File "/opt/venv/lib/python3.12/site-packages/django/template/base.py", line 966, in render_annotated
    return self.render(context)
           ^^^^^^^^^^^^^^^^^^^^
  File "/opt/venv/lib/python3.12/site-packages/django/template/loader_tags.py", line 63, in render
    result = block.nodelist.render(context)
             ^^^^^^^^^^^^^^^^^^^^^^^^^^^^^^
  File "/opt/venv/lib/python3.12/site-packages/django/template/base.py", line 1005, in render
    return SafeString("".join([node.render_annotated(context) for node in self]))
                               ^^^^^^^^^^^^^^^^^^^^^^^^^^^^^^
  File "/opt/venv/lib/python3.12/site-packages/django/template/base.py", line 966, in render_annotated
    return self.render(context)
           ^^^^^^^^^^^^^^^^^^^^
  File "/opt/venv/lib/python3.12/site-packages/django/template/defaulttags.py", line 471, in render
    url = reverse(view_name, args=args, kwargs=kwargs, current_app=current_app)
          ^^^^^^^^^^^^^^^^^^^^^^^^^^^^^^^^^^^^^^^^^^^^^^^^^^^^^^^^^^^^^^^^^^^^^
  File "/opt/venv/lib/python3.12/site-packages/django/urls/base.py", line 88, in reverse
    return resolver._reverse_with_prefix(view, prefix, *args, **kwargs)
           ^^^^^^^^^^^^^^^^^^^^^^^^^^^^^^^^^^^^^^^^^^^^^^^^^^^^^^^^^^^^
  File "/opt/venv/lib/python3.12/site-packages/django/urls/resolvers.py", line 828, in _reverse_with_prefix
    raise NoReverseMatch(msg)
django.urls.exceptions.NoReverseMatch: Reverse for 'instructor_detail' not found. 'instructor_detail' is not a valid view function or pattern name.
{"level": "ERROR", "path": "/course/1/4019/", "method": "GET", "ip": "192.168.65.1", "user_agent": "python-httpx/0.28.1", "exception": "NoReverseMatch", "message": "Reverse for 'instructor_detail' not found. 'instructor_detail' is not a valid view function or pattern name.", "traceback": "Traceback (most recent call last):\n  File \"/opt/venv/lib/python3.12/site-packages/django/core/handlers/base.py\", line 197, in _get_response\n    response = wrapped_callback(request, *callback_args, **callback_kwargs)\n               ^^^^^^^^^^^^^^^^^^^^^^^^^^^^^^^^^^^^^^^^^^^^^^^^^^^^^^^^^^^^\n  File \"/opt/venv/lib/python3.12/site-packages/sentry_sdk/integrations/django/views.py\", line 108, in sentry_wrapped_callback\n    return callback(request, *args, **kwargs)\n           ^^^^^^^^^^^^^^^^^^^^^^^^^^^^^^^^^^\n  File \"/app/tcf_website/views/courses/course_instructor.py\", line 178, in course_instructor\n    return render(\n           ^^^^^^^\n  File \"/opt/venv/lib/python3.12/site-packages/sentry_sdk/utils.py\", line 1886, in runner\n    return sentry_patched_function(*args, **kwargs)\n           ^^^^^^^^^^^^^^^^^^^^^^^^^^^^^^^^^^^^^^^^\n  File \"/opt/venv/lib/python3.12/site-packages/sentry_sdk/integrations/django/templates.py\", line 127, in render\n    return real_render(request, template_name, context, *args, **kwargs)\n           ^^^^^^^^^^^^^^^^^^^^^^^^^^^^^^^^^^^^^^^^^^^^^^^^^^^^^^^^^^^^^\n  File \"/opt/venv/lib/python3.12/site-packages/django/shortcuts.py\", line 24, in render\n    content = loader.render_to_string(template_name, context, request, using=using)\n              ^^^^^^^^^^^^^^^^^^^^^^^^^^^^^^^^^^^^^^^^^^^^^^^^^^^^^^^^^^^^^^^^^^^^^\n  File \"/opt/venv/lib/python3.12/site-packages/django/template/loader.py\", line 62, in render_to_string\n    return template.render(context, request)\n           ^^^^^^^^^^^^^^^^^^^^^^^^^^^^^^^^^\n  File \"/opt/venv/lib/python3.12/site-packages/django/template/backends/django.py\", line 61, in render\n    return self.template.render(context)\n           ^^^^^^^^^^^^^^^^^^^^^^^^^^^^^\n  File \"/opt/venv/lib/python3.12/site-packages/django/template/base.py\", line 175, in render\n    return self._render(context)\n           ^^^^^^^^^^^^^^^^^^^^^\n  File \"/opt/venv/lib/python3.12/site-packages/django/template/base.py\", line 167, in _render\n    return self.nodelist.render(context)\n           ^^^^^^^^^^^^^^^^^^^^^^^^^^^^^\n  File \"/opt/venv/lib/python3.12/site-packages/django/template/base.py\", line 1005, in render\n    return SafeString(\"\".join([node.render_annotated(context) for node in self]))\n                               ^^^^^^^^^^^^^^^^^^^^^^^^^^^^^^\n  File \"/opt/venv/lib/python3.12/site-packages/django/template/base.py\", line 966, in render_annotated\n    return self.render(context)\n           ^^^^^^^^^^^^^^^^^^^^\n  File \"/opt/venv/lib/python3.12/site-packages/django/template/loader_tags.py\", line 157, in render\n    return compiled_parent._render(context)\n           ^^^^^^^^^^^^^^^^^^^^^^^^^^^^^^^^\n  File \"/opt/venv/lib/python3.12/site-packages/django/template/base.py\", line 167, in _render\n    return self.nodelist.render(context)\n           ^^^^^^^^^^^^^^^^^^^^^^^^^^^^^\n  File \"/opt/venv/lib/python3.12/site-packages/django/template/base.py\", line 1005, in render\n    return SafeString(\"\".join([node.render_annotated(context) for node in self]))\n                               ^^^^^^^^^^^^^^^^^^^^^^^^^^^^^^\n  File \"/opt/venv/lib/python3.12/site-packages/django/template/base.py\", line 966, in render_annotated\n    return self.render(context)\n           ^^^^^^^^^^^^^^^^^^^^\n  File \"/opt/venv/lib/python3.12/site-packages/django/template/loader_tags.py\", line 63, in render\n    result = block.nodelist.render(context)\n             ^^^^^^^^^^^^^^^^^^^^^^^^^^^^^^\n  File \"/opt/venv/lib/python3.12/site-packages/django/template/base.py\", line 1005, in render\n    return SafeString(\"\".join([node.render_annotated(context) for node in self]))\n                               ^^^^^^^^^^^^^^^^^^^^^^^^^^^^^^\n  File \"/opt/venv/lib/python3.12/site-packages/django/template/base.py\", line 966, in render_annotated\n    return self.render(context)\n           ^^^^^^^^^^^^^^^^^^^^\n  File \"/opt/venv/lib/python3.12/site-packages/django/template/defaulttags.py\", line 471, in render\n    url = reverse(view_name, args=args, kwargs=kwargs, current_app=current_app)\n          ^^^^^^^^^^^^^^^^^^^^^^^^^^^^^^^^^^^^^^^^^^^^^^^^^^^^^^^^^^^^^^^^^^^^^\n  File \"/opt/venv/lib/python3.12/site-packages/django/urls/base.py\", line 88, in reverse\n    return resolver._reverse_with_prefix(view, prefix, *args, **kwargs)\n           ^^^^^^^^^^^^^^^^^^^^^^^^^^^^^^^^^^^^^^^^^^^^^^^^^^^^^^^^^^^^\n  File \"/opt/venv/lib/python3.12/site-packages/django/urls/resolvers.py\", line 828, in _reverse_with_prefix\n    raise NoReverseMatch(msg)\ndjango.urls.exceptions.NoReverseMatch: Reverse for 'instructor_detail' not found. 'instructor_detail' is not a valid view function or pattern name.\n"}
Internal Server Error: /course/1/4019/
Traceback (most recent call last):
  File "/opt/venv/lib/python3.12/site-packages/django/core/handlers/exception.py", line 55, in inner
    response = get_response(request)
               ^^^^^^^^^^^^^^^^^^^^^
  File "/opt/venv/lib/python3.12/site-packages/django/core/handlers/base.py", line 197, in _get_response
    response = wrapped_callback(request, *callback_args, **callback_kwargs)
               ^^^^^^^^^^^^^^^^^^^^^^^^^^^^^^^^^^^^^^^^^^^^^^^^^^^^^^^^^^^^
  File "/opt/venv/lib/python3.12/site-packages/sentry_sdk/integrations/django/views.py", line 108, in sentry_wrapped_callback
    return callback(request, *args, **kwargs)
           ^^^^^^^^^^^^^^^^^^^^^^^^^^^^^^^^^^
  File "/app/tcf_website/views/courses/course_instructor.py", line 178, in course_instructor
    return render(
           ^^^^^^^
  File "/opt/venv/lib/python3.12/site-packages/sentry_sdk/utils.py", line 1886, in runner
    return sentry_patched_function(*args, **kwargs)
           ^^^^^^^^^^^^^^^^^^^^^^^^^^^^^^^^^^^^^^^^
  File "/opt/venv/lib/python3.12/site-packages/sentry_sdk/integrations/django/templates.py", line 127, in render
    return real_render(request, template_name, context, *args, **kwargs)
           ^^^^^^^^^^^^^^^^^^^^^^^^^^^^^^^^^^^^^^^^^^^^^^^^^^^^^^^^^^^^^
  File "/opt/venv/lib/python3.12/site-packages/django/shortcuts.py", line 24, in render
    content = loader.render_to_string(template_name, context, request, using=using)
              ^^^^^^^^^^^^^^^^^^^^^^^^^^^^^^^^^^^^^^^^^^^^^^^^^^^^^^^^^^^^^^^^^^^^^
  File "/opt/venv/lib/python3.12/site-packages/django/template/loader.py", line 62, in render_to_string
    return template.render(context, request)
           ^^^^^^^^^^^^^^^^^^^^^^^^^^^^^^^^^
  File "/opt/venv/lib/python3.12/site-packages/django/template/backends/django.py", line 61, in render
    return self.template.render(context)
           ^^^^^^^^^^^^^^^^^^^^^^^^^^^^^
  File "/opt/venv/lib/python3.12/site-packages/django/template/base.py", line 175, in render
    return self._render(context)
           ^^^^^^^^^^^^^^^^^^^^^
  File "/opt/venv/lib/python3.12/site-packages/django/template/base.py", line 167, in _render
    return self.nodelist.render(context)
           ^^^^^^^^^^^^^^^^^^^^^^^^^^^^^
  File "/opt/venv/lib/python3.12/site-packages/django/template/base.py", line 1005, in render
    return SafeString("".join([node.render_annotated(context) for node in self]))
                               ^^^^^^^^^^^^^^^^^^^^^^^^^^^^^^
  File "/opt/venv/lib/python3.12/site-packages/django/template/base.py", line 966, in render_annotated
    return self.render(context)
           ^^^^^^^^^^^^^^^^^^^^
  File "/opt/venv/lib/python3.12/site-packages/django/template/loader_tags.py", line 157, in render
    return compiled_parent._render(context)
           ^^^^^^^^^^^^^^^^^^^^^^^^^^^^^^^^
  File "/opt/venv/lib/python3.12/site-packages/django/template/base.py", line 167, in _render
    return self.nodelist.render(context)
           ^^^^^^^^^^^^^^^^^^^^^^^^^^^^^
  File "/opt/venv/lib/python3.12/site-packages/django/template/base.py", line 1005, in render
    return SafeString("".join([node.render_annotated(context) for node in self]))
                               ^^^^^^^^^^^^^^^^^^^^^^^^^^^^^^
  File "/opt/venv/lib/python3.12/site-packages/django/template/base.py", line 966, in render_annotated
    return self.render(context)
           ^^^^^^^^^^^^^^^^^^^^
  File "/opt/venv/lib/python3.12/site-packages/django/template/loader_tags.py", line 63, in render
    result = block.nodelist.render(context)
             ^^^^^^^^^^^^^^^^^^^^^^^^^^^^^^
  File "/opt/venv/lib/python3.12/site-packages/django/template/base.py", line 1005, in render
    return SafeString("".join([node.render_annotated(context) for node in self]))
                               ^^^^^^^^^^^^^^^^^^^^^^^^^^^^^^
  File "/opt/venv/lib/python3.12/site-packages/django/template/base.py", line 966, in render_annotated
    return self.render(context)
           ^^^^^^^^^^^^^^^^^^^^
  File "/opt/venv/lib/python3.12/site-packages/django/template/defaulttags.py", line 471, in render
    url = reverse(view_name, args=args, kwargs=kwargs, current_app=current_app)
          ^^^^^^^^^^^^^^^^^^^^^^^^^^^^^^^^^^^^^^^^^^^^^^^^^^^^^^^^^^^^^^^^^^^^^
  File "/opt/venv/lib/python3.12/site-packages/django/urls/base.py", line 88, in reverse
    return resolver._reverse_with_prefix(view, prefix, *args, **kwargs)
           ^^^^^^^^^^^^^^^^^^^^^^^^^^^^^^^^^^^^^^^^^^^^^^^^^^^^^^^^^^^^
  File "/opt/venv/lib/python3.12/site-packages/django/urls/resolvers.py", line 828, in _reverse_with_prefix
    raise NoReverseMatch(msg)
django.urls.exceptions.NoReverseMatch: Reverse for 'instructor_detail' not found. 'instructor_detail' is not a valid view function or pattern name.
