Starting Django Server with Gunicorn...
[2026-07-04 04:31:42 +0000] [1] [INFO] Starting gunicorn 22.0.0
[2026-07-04 04:31:42 +0000] [1] [INFO] Listening at: http://0.0.0.0:80 (1)
[2026-07-04 04:31:42 +0000] [1] [INFO] Using worker: gthread
[2026-07-04 04:31:42 +0000] [7] [INFO] Booting worker with pid: 7
[2026-07-04 04:31:42 +0000] [8] [INFO] Booting worker with pid: 8
[2026-07-04 04:31:43 +0000] [9] [INFO] Booting worker with pid: 9
{"level": "ERROR", "path": "/reviews/1/downvote/", "method": "POST", "ip": "192.168.65.1", "user_agent": "python-httpx/0.28.1", "exception": "IntegrityError", "message": "duplicate key value violates unique constraint \"unique vote per user and review\"\nDETAIL:  Key (user_id, review_id)=(22247, 1) already exists.", "traceback": "Traceback (most recent call last):\n  File \"/opt/venv/lib/python3.12/site-packages/django/db/backends/utils.py\", line 89, in _execute\n    return self.cursor.execute(sql, params)\n           ^^^^^^^^^^^^^^^^^^^^^^^^^^^^^^^^\n  File \"/opt/venv/lib/python3.12/site-packages/psycopg/cursor.py\", line 117, in execute\n    raise ex.with_traceback(None)\npsycopg.errors.UniqueViolation: duplicate key value violates unique constraint \"unique vote per user and review\"\nDETAIL:  Key (user_id, review_id)=(22247, 1) already exists.\n\nThe above exception was the direct cause of the following exception:\n\nTraceback (most recent call last):\n  File \"/opt/venv/lib/python3.12/site-packages/django/core/handlers/base.py\", line 197, in _get_response\n    response = wrapped_callback(request, *callback_args, **callback_kwargs)\n               ^^^^^^^^^^^^^^^^^^^^^^^^^^^^^^^^^^^^^^^^^^^^^^^^^^^^^^^^^^^^\n  File \"/opt/venv/lib/python3.12/site-packages/sentry_sdk/integrations/django/views.py\", line 108, in sentry_wrapped_callback\n    return callback(request, *args, **kwargs)\n           ^^^^^^^^^^^^^^^^^^^^^^^^^^^^^^^^^^\n  File \"/opt/venv/lib/python3.12/site-packages/django/contrib/auth/decorators.py\", line 23, in _wrapper_view\n    return view_func(request, *args, **kwargs)\n           ^^^^^^^^^^^^^^^^^^^^^^^^^^^^^^^^^^^\n  File \"/opt/venv/lib/python3.12/site-packages/django/views/decorators/http.py\", line 43, in inner\n    return func(request, *args, **kwargs)\n           ^^^^^^^^^^^^^^^^^^^^^^^^^^^^^^\n  File \"/app/tcf_website/views/review/votes.py\", line 36, in downvote\n    review.downvote(request.user)\n  File \"/app/tcf_website/models/models.py\", line 1237, in downvote\n    Vote.objects.create(\n  File \"/opt/venv/lib/python3.12/site-packages/django/db/models/manager.py\", line 87, in manager_method\n    return getattr(self.get_queryset(), name)(*args, **kwargs)\n           ^^^^^^^^^^^^^^^^^^^^^^^^^^^^^^^^^^^^^^^^^^^^^^^^^^^\n  File \"/opt/venv/lib/python3.12/site-packages/django/db/models/query.py\", line 660, in create\n    obj.save(force_insert=True, using=self.db)\n  File \"/opt/venv/lib/python3.12/site-packages/django/db/models/base.py\", line 814, in save\n    self.save_base(\n  File \"/opt/venv/lib/python3.12/site-packages/django/db/models/base.py\", line 877, in save_base\n    updated = self._save_table(\n              ^^^^^^^^^^^^^^^^^\n  File \"/opt/venv/lib/python3.12/site-packages/django/db/models/base.py\", line 1020, in _save_table\n    results = self._do_insert(\n              ^^^^^^^^^^^^^^^^\n  File \"/opt/venv/lib/python3.12/site-packages/django/db/models/base.py\", line 1061, in _do_insert\n    return manager._insert(\n           ^^^^^^^^^^^^^^^^\n  File \"/opt/venv/lib/python3.12/site-packages/django/db/models/manager.py\", line 87, in manager_method\n    return getattr(self.get_queryset(), name)(*args, **kwargs)\n           ^^^^^^^^^^^^^^^^^^^^^^^^^^^^^^^^^^^^^^^^^^^^^^^^^^^\n  File \"/opt/venv/lib/python3.12/site-packages/django/db/models/query.py\", line 1810, in _insert\n    return query.get_compiler(using=using).execute_sql(returning_fields)\n           ^^^^^^^^^^^^^^^^^^^^^^^^^^^^^^^^^^^^^^^^^^^^^^^^^^^^^^^^^^^^^\n  File \"/opt/venv/lib/python3.12/site-packages/cachalot/monkey_patch.py\", line 38, in inner\n    return original(compiler, *args, **kwargs)\n           ^^^^^^^^^^^^^^^^^^^^^^^^^^^^^^^^^^^\n  File \"/opt/venv/lib/python3.12/site-packages/cachalot/monkey_patch.py\", line 118, in inner\n    return original(write_compiler, *args, **kwargs)\n           ^^^^^^^^^^^^^^^^^^^^^^^^^^^^^^^^^^^^^^^^^\n  File \"/opt/venv/lib/python3.12/site-packages/django/db/models/sql/compiler.py\", line 1822, in execute_sql\n    cursor.execute(sql, params)\n  File \"/opt/venv/lib/python3.12/site-packages/cachalot/monkey_patch.py\", line 142, in inner\n    return original(cursor, sql, *args, **kwargs)\n           ^^^^^^^^^^^^^^^^^^^^^^^^^^^^^^^^^^^^^^\n  File \"/opt/venv/lib/python3.12/site-packages/sentry_sdk/utils.py\", line 1886, in runner\n    return sentry_patched_function(*args, **kwargs)\n           ^^^^^^^^^^^^^^^^^^^^^^^^^^^^^^^^^^^^^^^^\n  File \"/opt/venv/lib/python3.12/site-packages/sentry_sdk/integrations/django/__init__.py\", line 682, in execute\n    result = real_execute(self, sql, params)\n             ^^^^^^^^^^^^^^^^^^^^^^^^^^^^^^^\n  File \"/opt/venv/lib/python3.12/site-packages/django/db/backends/utils.py\", line 67, in execute\n    return self._execute_with_wrappers(\n           ^^^^^^^^^^^^^^^^^^^^^^^^^^^^\n  File \"/opt/venv/lib/python3.12/site-packages/django/db/backends/utils.py\", line 80, in _execute_with_wrappers\n    return executor(sql, params, many, context)\n           ^^^^^^^^^^^^^^^^^^^^^^^^^^^^^^^^^^^^\n  File \"/opt/venv/lib/python3.12/site-packages/django/db/backends/utils.py\", line 84, in _execute\n    with self.db.wrap_database_errors:\n         ^^^^^^^^^^^^^^^^^^^^^^^^^^^^\n  File \"/opt/venv/lib/python3.12/site-packages/django/db/utils.py\", line 91, in __exit__\n    raise dj_exc_value.with_traceback(traceback) from exc_value\n  File \"/opt/venv/lib/python3.12/site-packages/django/db/backends/utils.py\", line 89, in _execute\n    return self.cursor.execute(sql, params)\n           ^^^^^^^^^^^^^^^^^^^^^^^^^^^^^^^^\n  File \"/opt/venv/lib/python3.12/site-packages/psycopg/cursor.py\", line 117, in execute\n    raise ex.with_traceback(None)\ndjango.db.utils.IntegrityError: duplicate key value violates unique constraint \"unique vote per user and review\"\nDETAIL:  Key (user_id, review_id)=(22247, 1) already exists.\n"}
Internal Server Error: /reviews/1/downvote/
Traceback (most recent call last):
  File "/opt/venv/lib/python3.12/site-packages/django/db/backends/utils.py", line 89, in _execute
    return self.cursor.execute(sql, params)
           ^^^^^^^^^^^^^^^^^^^^^^^^^^^^^^^^
  File "/opt/venv/lib/python3.12/site-packages/psycopg/cursor.py", line 117, in execute
    raise ex.with_traceback(None)
psycopg.errors.UniqueViolation: duplicate key value violates unique constraint "unique vote per user and review"
DETAIL:  Key (user_id, review_id)=(22247, 1) already exists.

The above exception was the direct cause of the following exception:

Traceback (most recent call last):
  File "/opt/venv/lib/python3.12/site-packages/django/core/handlers/exception.py", line 55, in inner
    response = get_response(request)
               ^^^^^^^^^^^^^^^^^^^^^
  File "/opt/venv/lib/python3.12/site-packages/django/core/handlers/base.py", line 197, in _get_response
    response = wrapped_callback(request, *callback_args, **callback_kwargs)
               ^^^^^^^^^^^^^^^^^^^^^^^^^^^^^^^^^^^^^^^^^^^^^^^^^^^^^^^^^^^^
  File "/opt/venv/lib/python3.12/site-packages/sentry_sdk/integrations/django/views.py", line 108, in sentry_wrapped_callback
    return callback(request, *args, **kwargs)
           ^^^^^^^^^^^^^^^^^^^^^^^^^^^^^^^^^^
  File "/opt/venv/lib/python3.12/site-packages/django/contrib/auth/decorators.py", line 23, in _wrapper_view
    return view_func(request, *args, **kwargs)
           ^^^^^^^^^^^^^^^^^^^^^^^^^^^^^^^^^^^
  File "/opt/venv/lib/python3.12/site-packages/django/views/decorators/http.py", line 43, in inner
    return func(request, *args, **kwargs)
           ^^^^^^^^^^^^^^^^^^^^^^^^^^^^^^
  File "/app/tcf_website/views/review/votes.py", line 36, in downvote
    review.downvote(request.user)
  File "/app/tcf_website/models/models.py", line 1237, in downvote
    Vote.objects.create(
  File "/opt/venv/lib/python3.12/site-packages/django/db/models/manager.py", line 87, in manager_method
    return getattr(self.get_queryset(), name)(*args, **kwargs)
           ^^^^^^^^^^^^^^^^^^^^^^^^^^^^^^^^^^^^^^^^^^^^^^^^^^^
  File "/opt/venv/lib/python3.12/site-packages/django/db/models/query.py", line 660, in create
    obj.save(force_insert=True, using=self.db)
  File "/opt/venv/lib/python3.12/site-packages/django/db/models/base.py", line 814, in save
    self.save_base(
  File "/opt/venv/lib/python3.12/site-packages/django/db/models/base.py", line 877, in save_base
    updated = self._save_table(
              ^^^^^^^^^^^^^^^^^
  File "/opt/venv/lib/python3.12/site-packages/django/db/models/base.py", line 1020, in _save_table
    results = self._do_insert(
              ^^^^^^^^^^^^^^^^
  File "/opt/venv/lib/python3.12/site-packages/django/db/models/base.py", line 1061, in _do_insert
    return manager._insert(
           ^^^^^^^^^^^^^^^^
  File "/opt/venv/lib/python3.12/site-packages/django/db/models/manager.py", line 87, in manager_method
    return getattr(self.get_queryset(), name)(*args, **kwargs)
           ^^^^^^^^^^^^^^^^^^^^^^^^^^^^^^^^^^^^^^^^^^^^^^^^^^^
  File "/opt/venv/lib/python3.12/site-packages/django/db/models/query.py", line 1810, in _insert
    return query.get_compiler(using=using).execute_sql(returning_fields)
           ^^^^^^^^^^^^^^^^^^^^^^^^^^^^^^^^^^^^^^^^^^^^^^^^^^^^^^^^^^^^^
  File "/opt/venv/lib/python3.12/site-packages/cachalot/monkey_patch.py", line 38, in inner
    return original(compiler, *args, **kwargs)
           ^^^^^^^^^^^^^^^^^^^^^^^^^^^^^^^^^^^
  File "/opt/venv/lib/python3.12/site-packages/cachalot/monkey_patch.py", line 118, in inner
    return original(write_compiler, *args, **kwargs)
           ^^^^^^^^^^^^^^^^^^^^^^^^^^^^^^^^^^^^^^^^^
  File "/opt/venv/lib/python3.12/site-packages/django/db/models/sql/compiler.py", line 1822, in execute_sql
    cursor.execute(sql, params)
  File "/opt/venv/lib/python3.12/site-packages/cachalot/monkey_patch.py", line 142, in inner
    return original(cursor, sql, *args, **kwargs)
           ^^^^^^^^^^^^^^^^^^^^^^^^^^^^^^^^^^^^^^
  File "/opt/venv/lib/python3.12/site-packages/sentry_sdk/utils.py", line 1886, in runner
    return sentry_patched_function(*args, **kwargs)
           ^^^^^^^^^^^^^^^^^^^^^^^^^^^^^^^^^^^^^^^^
  File "/opt/venv/lib/python3.12/site-packages/sentry_sdk/integrations/django/__init__.py", line 682, in execute
    result = real_execute(self, sql, params)
             ^^^^^^^^^^^^^^^^^^^^^^^^^^^^^^^
  File "/opt/venv/lib/python3.12/site-packages/django/db/backends/utils.py", line 67, in execute
    return self._execute_with_wrappers(
           ^^^^^^^^^^^^^^^^^^^^^^^^^^^^
  File "/opt/venv/lib/python3.12/site-packages/django/db/backends/utils.py", line 80, in _execute_with_wrappers
    return executor(sql, params, many, context)
           ^^^^^^^^^^^^^^^^^^^^^^^^^^^^^^^^^^^^
  File "/opt/venv/lib/python3.12/site-packages/django/db/backends/utils.py", line 84, in _execute
    with self.db.wrap_database_errors:
         ^^^^^^^^^^^^^^^^^^^^^^^^^^^^
  File "/opt/venv/lib/python3.12/site-packages/django/db/utils.py", line 91, in __exit__
    raise dj_exc_value.with_traceback(traceback) from exc_value
  File "/opt/venv/lib/python3.12/site-packages/django/db/backends/utils.py", line 89, in _execute
    return self.cursor.execute(sql, params)
           ^^^^^^^^^^^^^^^^^^^^^^^^^^^^^^^^
  File "/opt/venv/lib/python3.12/site-packages/psycopg/cursor.py", line 117, in execute
    raise ex.with_traceback(None)
django.db.utils.IntegrityError: duplicate key value violates unique constraint "unique vote per user and review"
DETAIL:  Key (user_id, review_id)=(22247, 1) already exists.
{"level": "ERROR", "path": "/reviews/1/downvote/", "method": "POST", "ip": "192.168.65.1", "user_agent": "python-httpx/0.28.1", "exception": "IntegrityError", "message": "duplicate key value violates unique constraint \"unique vote per user and review\"\nDETAIL:  Key (user_id, review_id)=(22247, 1) already exists.", "traceback": "Traceback (most recent call last):\n  File \"/opt/venv/lib/python3.12/site-packages/django/db/backends/utils.py\", line 89, in _execute\n    return self.cursor.execute(sql, params)\n           ^^^^^^^^^^^^^^^^^^^^^^^^^^^^^^^^\n  File \"/opt/venv/lib/python3.12/site-packages/psycopg/cursor.py\", line 117, in execute\n    raise ex.with_traceback(None)\npsycopg.errors.UniqueViolation: duplicate key value violates unique constraint \"unique vote per user and review\"\nDETAIL:  Key (user_id, review_id)=(22247, 1) already exists.\n\nThe above exception was the direct cause of the following exception:\n\nTraceback (most recent call last):\n  File \"/opt/venv/lib/python3.12/site-packages/django/core/handlers/base.py\", line 197, in _get_response\n    response = wrapped_callback(request, *callback_args, **callback_kwargs)\n               ^^^^^^^^^^^^^^^^^^^^^^^^^^^^^^^^^^^^^^^^^^^^^^^^^^^^^^^^^^^^\n  File \"/opt/venv/lib/python3.12/site-packages/sentry_sdk/integrations/django/views.py\", line 108, in sentry_wrapped_callback\n    return callback(request, *args, **kwargs)\n           ^^^^^^^^^^^^^^^^^^^^^^^^^^^^^^^^^^\n  File \"/opt/venv/lib/python3.12/site-packages/django/contrib/auth/decorators.py\", line 23, in _wrapper_view\n    return view_func(request, *args, **kwargs)\n           ^^^^^^^^^^^^^^^^^^^^^^^^^^^^^^^^^^^\n  File \"/opt/venv/lib/python3.12/site-packages/django/views/decorators/http.py\", line 43, in inner\n    return func(request, *args, **kwargs)\n           ^^^^^^^^^^^^^^^^^^^^^^^^^^^^^^\n  File \"/app/tcf_website/views/review/votes.py\", line 36, in downvote\n    review.downvote(request.user)\n  File \"/app/tcf_website/models/models.py\", line 1237, in downvote\n    Vote.objects.create(\n  File \"/opt/venv/lib/python3.12/site-packages/django/db/models/manager.py\", line 87, in manager_method\n    return getattr(self.get_queryset(), name)(*args, **kwargs)\n           ^^^^^^^^^^^^^^^^^^^^^^^^^^^^^^^^^^^^^^^^^^^^^^^^^^^\n  File \"/opt/venv/lib/python3.12/site-packages/django/db/models/query.py\", line 660, in create\n    obj.save(force_insert=True, using=self.db)\n  File \"/opt/venv/lib/python3.12/site-packages/django/db/models/base.py\", line 814, in save\n    self.save_base(\n  File \"/opt/venv/lib/python3.12/site-packages/django/db/models/base.py\", line 877, in save_base\n    updated = self._save_table(\n              ^^^^^^^^^^^^^^^^^\n  File \"/opt/venv/lib/python3.12/site-packages/django/db/models/base.py\", line 1020, in _save_table\n    results = self._do_insert(\n              ^^^^^^^^^^^^^^^^\n  File \"/opt/venv/lib/python3.12/site-packages/django/db/models/base.py\", line 1061, in _do_insert\n    return manager._insert(\n           ^^^^^^^^^^^^^^^^\n  File \"/opt/venv/lib/python3.12/site-packages/django/db/models/manager.py\", line 87, in manager_method\n    return getattr(self.get_queryset(), name)(*args, **kwargs)\n           ^^^^^^^^^^^^^^^^^^^^^^^^^^^^^^^^^^^^^^^^^^^^^^^^^^^\n  File \"/opt/venv/lib/python3.12/site-packages/django/db/models/query.py\", line 1810, in _insert\n    return query.get_compiler(using=using).execute_sql(returning_fields)\n           ^^^^^^^^^^^^^^^^^^^^^^^^^^^^^^^^^^^^^^^^^^^^^^^^^^^^^^^^^^^^^\n  File \"/opt/venv/lib/python3.12/site-packages/cachalot/monkey_patch.py\", line 38, in inner\n    return original(compiler, *args, **kwargs)\n           ^^^^^^^^^^^^^^^^^^^^^^^^^^^^^^^^^^^\n  File \"/opt/venv/lib/python3.12/site-packages/cachalot/monkey_patch.py\", line 118, in inner\n    return original(write_compiler, *args, **kwargs)\n           ^^^^^^^^^^^^^^^^^^^^^^^^^^^^^^^^^^^^^^^^^\n  File \"/opt/venv/lib/python3.12/site-packages/django/db/models/sql/compiler.py\", line 1822, in execute_sql\n    cursor.execute(sql, params)\n  File \"/opt/venv/lib/python3.12/site-packages/cachalot/monkey_patch.py\", line 142, in inner\n    return original(cursor, sql, *args, **kwargs)\n           ^^^^^^^^^^^^^^^^^^^^^^^^^^^^^^^^^^^^^^\n  File \"/opt/venv/lib/python3.12/site-packages/sentry_sdk/utils.py\", line 1886, in runner\n    return sentry_patched_function(*args, **kwargs)\n           ^^^^^^^^^^^^^^^^^^^^^^^^^^^^^^^^^^^^^^^^\n  File \"/opt/venv/lib/python3.12/site-packages/sentry_sdk/integrations/django/__init__.py\", line 682, in execute\n    result = real_execute(self, sql, params)\n             ^^^^^^^^^^^^^^^^^^^^^^^^^^^^^^^\n  File \"/opt/venv/lib/python3.12/site-packages/django/db/backends/utils.py\", line 67, in execute\n    return self._execute_with_wrappers(\n           ^^^^^^^^^^^^^^^^^^^^^^^^^^^^\n  File \"/opt/venv/lib/python3.12/site-packages/django/db/backends/utils.py\", line 80, in _execute_with_wrappers\n    return executor(sql, params, many, context)\n           ^^^^^^^^^^^^^^^^^^^^^^^^^^^^^^^^^^^^\n  File \"/opt/venv/lib/python3.12/site-packages/django/db/backends/utils.py\", line 84, in _execute\n    with self.db.wrap_database_errors:\n         ^^^^^^^^^^^^^^^^^^^^^^^^^^^^\n  File \"/opt/venv/lib/python3.12/site-packages/django/db/utils.py\", line 91, in __exit__\n    raise dj_exc_value.with_traceback(traceback) from exc_value\n  File \"/opt/venv/lib/python3.12/site-packages/django/db/backends/utils.py\", line 89, in _execute\n    return self.cursor.execute(sql, params)\n           ^^^^^^^^^^^^^^^^^^^^^^^^^^^^^^^^\n  File \"/opt/venv/lib/python3.12/site-packages/psycopg/cursor.py\", line 117, in execute\n    raise ex.with_traceback(None)\ndjango.db.utils.IntegrityError: duplicate key value violates unique constraint \"unique vote per user and review\"\nDETAIL:  Key (user_id, review_id)=(22247, 1) already exists.\n"}
Internal Server Error: /reviews/1/downvote/
Traceback (most recent call last):
  File "/opt/venv/lib/python3.12/site-packages/django/db/backends/utils.py", line 89, in _execute
    return self.cursor.execute(sql, params)
           ^^^^^^^^^^^^^^^^^^^^^^^^^^^^^^^^
  File "/opt/venv/lib/python3.12/site-packages/psycopg/cursor.py", line 117, in execute
    raise ex.with_traceback(None)
psycopg.errors.UniqueViolation: duplicate key value violates unique constraint "unique vote per user and review"
DETAIL:  Key (user_id, review_id)=(22247, 1) already exists.

The above exception was the direct cause of the following exception:

Traceback (most recent call last):
  File "/opt/venv/lib/python3.12/site-packages/django/core/handlers/exception.py", line 55, in inner
    response = get_response(request)
               ^^^^^^^^^^^^^^^^^^^^^
  File "/opt/venv/lib/python3.12/site-packages/django/core/handlers/base.py", line 197, in _get_response
    response = wrapped_callback(request, *callback_args, **callback_kwargs)
               ^^^^^^^^^^^^^^^^^^^^^^^^^^^^^^^^^^^^^^^^^^^^^^^^^^^^^^^^^^^^
  File "/opt/venv/lib/python3.12/site-packages/sentry_sdk/integrations/django/views.py", line 108, in sentry_wrapped_callback
    return callback(request, *args, **kwargs)
           ^^^^^^^^^^^^^^^^^^^^^^^^^^^^^^^^^^
  File "/opt/venv/lib/python3.12/site-packages/django/contrib/auth/decorators.py", line 23, in _wrapper_view
    return view_func(request, *args, **kwargs)
           ^^^^^^^^^^^^^^^^^^^^^^^^^^^^^^^^^^^
  File "/opt/venv/lib/python3.12/site-packages/django/views/decorators/http.py", line 43, in inner
    return func(request, *args, **kwargs)
           ^^^^^^^^^^^^^^^^^^^^^^^^^^^^^^
  File "/app/tcf_website/views/review/votes.py", line 36, in downvote
    review.downvote(request.user)
  File "/app/tcf_website/models/models.py", line 1237, in downvote
    Vote.objects.create(
  File "/opt/venv/lib/python3.12/site-packages/django/db/models/manager.py", line 87, in manager_method
    return getattr(self.get_queryset(), name)(*args, **kwargs)
           ^^^^^^^^^^^^^^^^^^^^^^^^^^^^^^^^^^^^^^^^^^^^^^^^^^^
  File "/opt/venv/lib/python3.12/site-packages/django/db/models/query.py", line 660, in create
    obj.save(force_insert=True, using=self.db)
  File "/opt/venv/lib/python3.12/site-packages/django/db/models/base.py", line 814, in save
    self.save_base(
  File "/opt/venv/lib/python3.12/site-packages/django/db/models/base.py", line 877, in save_base
    updated = self._save_table(
              ^^^^^^^^^^^^^^^^^
  File "/opt/venv/lib/python3.12/site-packages/django/db/models/base.py", line 1020, in _save_table
    results = self._do_insert(
              ^^^^^^^^^^^^^^^^
  File "/opt/venv/lib/python3.12/site-packages/django/db/models/base.py", line 1061, in _do_insert
    return manager._insert(
           ^^^^^^^^^^^^^^^^
  File "/opt/venv/lib/python3.12/site-packages/django/db/models/manager.py", line 87, in manager_method
    return getattr(self.get_queryset(), name)(*args, **kwargs)
           ^^^^^^^^^^^^^^^^^^^^^^^^^^^^^^^^^^^^^^^^^^^^^^^^^^^
  File "/opt/venv/lib/python3.12/site-packages/django/db/models/query.py", line 1810, in _insert
    return query.get_compiler(using=using).execute_sql(returning_fields)
           ^^^^^^^^^^^^^^^^^^^^^^^^^^^^^^^^^^^^^^^^^^^^^^^^^^^^^^^^^^^^^
  File "/opt/venv/lib/python3.12/site-packages/cachalot/monkey_patch.py", line 38, in inner
    return original(compiler, *args, **kwargs)
           ^^^^^^^^^^^^^^^^^^^^^^^^^^^^^^^^^^^
  File "/opt/venv/lib/python3.12/site-packages/cachalot/monkey_patch.py", line 118, in inner
    return original(write_compiler, *args, **kwargs)
           ^^^^^^^^^^^^^^^^^^^^^^^^^^^^^^^^^^^^^^^^^
  File "/opt/venv/lib/python3.12/site-packages/django/db/models/sql/compiler.py", line 1822, in execute_sql
    cursor.execute(sql, params)
  File "/opt/venv/lib/python3.12/site-packages/cachalot/monkey_patch.py", line 142, in inner
    return original(cursor, sql, *args, **kwargs)
           ^^^^^^^^^^^^^^^^^^^^^^^^^^^^^^^^^^^^^^
  File "/opt/venv/lib/python3.12/site-packages/sentry_sdk/utils.py", line 1886, in runner
    return sentry_patched_function(*args, **kwargs)
           ^^^^^^^^^^^^^^^^^^^^^^^^^^^^^^^^^^^^^^^^
  File "/opt/venv/lib/python3.12/site-packages/sentry_sdk/integrations/django/__init__.py", line 682, in execute
    result = real_execute(self, sql, params)
             ^^^^^^^^^^^^^^^^^^^^^^^^^^^^^^^
  File "/opt/venv/lib/python3.12/site-packages/django/db/backends/utils.py", line 67, in execute
    return self._execute_with_wrappers(
           ^^^^^^^^^^^^^^^^^^^^^^^^^^^^
  File "/opt/venv/lib/python3.12/site-packages/django/db/backends/utils.py", line 80, in _execute_with_wrappers
    return executor(sql, params, many, context)
           ^^^^^^^^^^^^^^^^^^^^^^^^^^^^^^^^^^^^
  File "/opt/venv/lib/python3.12/site-packages/django/db/backends/utils.py", line 84, in _execute
    with self.db.wrap_database_errors:
         ^^^^^^^^^^^^^^^^^^^^^^^^^^^^
  File "/opt/venv/lib/python3.12/site-packages/django/db/utils.py", line 91, in __exit__
    raise dj_exc_value.with_traceback(traceback) from exc_value
  File "/opt/venv/lib/python3.12/site-packages/django/db/backends/utils.py", line 89, in _execute
    return self.cursor.execute(sql, params)
           ^^^^^^^^^^^^^^^^^^^^^^^^^^^^^^^^
  File "/opt/venv/lib/python3.12/site-packages/psycopg/cursor.py", line 117, in execute
    raise ex.with_traceback(None)
django.db.utils.IntegrityError: duplicate key value violates unique constraint "unique vote per user and review"
DETAIL:  Key (user_id, review_id)=(22247, 1) already exists.
{"level": "ERROR", "path": "/reviews/1/downvote/", "method": "POST", "ip": "192.168.65.1", "user_agent": "python-httpx/0.28.1", "exception": "IntegrityError", "message": "duplicate key value violates unique constraint \"unique vote per user and review\"\nDETAIL:  Key (user_id, review_id)=(22247, 1) already exists.", "traceback": "Traceback (most recent call last):\n  File \"/opt/venv/lib/python3.12/site-packages/django/db/backends/utils.py\", line 89, in _execute\n    return self.cursor.execute(sql, params)\n           ^^^^^^^^^^^^^^^^^^^^^^^^^^^^^^^^\n  File \"/opt/venv/lib/python3.12/site-packages/psycopg/cursor.py\", line 117, in execute\n    raise ex.with_traceback(None)\npsycopg.errors.UniqueViolation: duplicate key value violates unique constraint \"unique vote per user and review\"\nDETAIL:  Key (user_id, review_id)=(22247, 1) already exists.\n\nThe above exception was the direct cause of the following exception:\n\nTraceback (most recent call last):\n  File \"/opt/venv/lib/python3.12/site-packages/django/core/handlers/base.py\", line 197, in _get_response\n    response = wrapped_callback(request, *callback_args, **callback_kwargs)\n               ^^^^^^^^^^^^^^^^^^^^^^^^^^^^^^^^^^^^^^^^^^^^^^^^^^^^^^^^^^^^\n  File \"/opt/venv/lib/python3.12/site-packages/sentry_sdk/integrations/django/views.py\", line 108, in sentry_wrapped_callback\n    return callback(request, *args, **kwargs)\n           ^^^^^^^^^^^^^^^^^^^^^^^^^^^^^^^^^^\n  File \"/opt/venv/lib/python3.12/site-packages/django/contrib/auth/decorators.py\", line 23, in _wrapper_view\n    return view_func(request, *args, **kwargs)\n           ^^^^^^^^^^^^^^^^^^^^^^^^^^^^^^^^^^^\n  File \"/opt/venv/lib/python3.12/site-packages/django/views/decorators/http.py\", line 43, in inner\n    return func(request, *args, **kwargs)\n           ^^^^^^^^^^^^^^^^^^^^^^^^^^^^^^\n  File \"/app/tcf_website/views/review/votes.py\", line 36, in downvote\n    review.downvote(request.user)\n  File \"/app/tcf_website/models/models.py\", line 1237, in downvote\n    Vote.objects.create(\n  File \"/opt/venv/lib/python3.12/site-packages/django/db/models/manager.py\", line 87, in manager_method\n    return getattr(self.get_queryset(), name)(*args, **kwargs)\n           ^^^^^^^^^^^^^^^^^^^^^^^^^^^^^^^^^^^^^^^^^^^^^^^^^^^\n  File \"/opt/venv/lib/python3.12/site-packages/django/db/models/query.py\", line 660, in create\n    obj.save(force_insert=True, using=self.db)\n  File \"/opt/venv/lib/python3.12/site-packages/django/db/models/base.py\", line 814, in save\n    self.save_base(\n  File \"/opt/venv/lib/python3.12/site-packages/django/db/models/base.py\", line 877, in save_base\n    updated = self._save_table(\n              ^^^^^^^^^^^^^^^^^\n  File \"/opt/venv/lib/python3.12/site-packages/django/db/models/base.py\", line 1020, in _save_table\n    results = self._do_insert(\n              ^^^^^^^^^^^^^^^^\n  File \"/opt/venv/lib/python3.12/site-packages/django/db/models/base.py\", line 1061, in _do_insert\n    return manager._insert(\n           ^^^^^^^^^^^^^^^^\n  File \"/opt/venv/lib/python3.12/site-packages/django/db/models/manager.py\", line 87, in manager_method\n    return getattr(self.get_queryset(), name)(*args, **kwargs)\n           ^^^^^^^^^^^^^^^^^^^^^^^^^^^^^^^^^^^^^^^^^^^^^^^^^^^\n  File \"/opt/venv/lib/python3.12/site-packages/django/db/models/query.py\", line 1810, in _insert\n    return query.get_compiler(using=using).execute_sql(returning_fields)\n           ^^^^^^^^^^^^^^^^^^^^^^^^^^^^^^^^^^^^^^^^^^^^^^^^^^^^^^^^^^^^^\n  File \"/opt/venv/lib/python3.12/site-packages/cachalot/monkey_patch.py\", line 38, in inner\n    return original(compiler, *args, **kwargs)\n           ^^^^^^^^^^^^^^^^^^^^^^^^^^^^^^^^^^^\n  File \"/opt/venv/lib/python3.12/site-packages/cachalot/monkey_patch.py\", line 118, in inner\n    return original(write_compiler, *args, **kwargs)\n           ^^^^^^^^^^^^^^^^^^^^^^^^^^^^^^^^^^^^^^^^^\n  File \"/opt/venv/lib/python3.12/site-packages/django/db/models/sql/compiler.py\", line 1822, in execute_sql\n    cursor.execute(sql, params)\n  File \"/opt/venv/lib/python3.12/site-packages/cachalot/monkey_patch.py\", line 142, in inner\n    return original(cursor, sql, *args, **kwargs)\n           ^^^^^^^^^^^^^^^^^^^^^^^^^^^^^^^^^^^^^^\n  File \"/opt/venv/lib/python3.12/site-packages/sentry_sdk/utils.py\", line 1886, in runner\n    return sentry_patched_function(*args, **kwargs)\n           ^^^^^^^^^^^^^^^^^^^^^^^^^^^^^^^^^^^^^^^^\n  File \"/opt/venv/lib/python3.12/site-packages/sentry_sdk/integrations/django/__init__.py\", line 682, in execute\n    result = real_execute(self, sql, params)\n             ^^^^^^^^^^^^^^^^^^^^^^^^^^^^^^^\n  File \"/opt/venv/lib/python3.12/site-packages/django/db/backends/utils.py\", line 67, in execute\n    return self._execute_with_wrappers(\n           ^^^^^^^^^^^^^^^^^^^^^^^^^^^^\n  File \"/opt/venv/lib/python3.12/site-packages/django/db/backends/utils.py\", line 80, in _execute_with_wrappers\n    return executor(sql, params, many, context)\n           ^^^^^^^^^^^^^^^^^^^^^^^^^^^^^^^^^^^^\n  File \"/opt/venv/lib/python3.12/site-packages/django/db/backends/utils.py\", line 84, in _execute\n    with self.db.wrap_database_errors:\n         ^^^^^^^^^^^^^^^^^^^^^^^^^^^^\n  File \"/opt/venv/lib/python3.12/site-packages/django/db/utils.py\", line 91, in __exit__\n    raise dj_exc_value.with_traceback(traceback) from exc_value\n  File \"/opt/venv/lib/python3.12/site-packages/django/db/backends/utils.py\", line 89, in _execute\n    return self.cursor.execute(sql, params)\n           ^^^^^^^^^^^^^^^^^^^^^^^^^^^^^^^^\n  File \"/opt/venv/lib/python3.12/site-packages/psycopg/cursor.py\", line 117, in execute\n    raise ex.with_traceback(None)\ndjango.db.utils.IntegrityError: duplicate key value violates unique constraint \"unique vote per user and review\"\nDETAIL:  Key (user_id, review_id)=(22247, 1) already exists.\n"}
Internal Server Error: /reviews/1/downvote/
Traceback (most recent call last):
  File "/opt/venv/lib/python3.12/site-packages/django/db/backends/utils.py", line 89, in _execute
    return self.cursor.execute(sql, params)
           ^^^^^^^^^^^^^^^^^^^^^^^^^^^^^^^^
  File "/opt/venv/lib/python3.12/site-packages/psycopg/cursor.py", line 117, in execute
    raise ex.with_traceback(None)
psycopg.errors.UniqueViolation: duplicate key value violates unique constraint "unique vote per user and review"
DETAIL:  Key (user_id, review_id)=(22247, 1) already exists.

The above exception was the direct cause of the following exception:

Traceback (most recent call last):
  File "/opt/venv/lib/python3.12/site-packages/django/core/handlers/exception.py", line 55, in inner
    response = get_response(request)
               ^^^^^^^^^^^^^^^^^^^^^
  File "/opt/venv/lib/python3.12/site-packages/django/core/handlers/base.py", line 197, in _get_response
    response = wrapped_callback(request, *callback_args, **callback_kwargs)
               ^^^^^^^^^^^^^^^^^^^^^^^^^^^^^^^^^^^^^^^^^^^^^^^^^^^^^^^^^^^^
  File "/opt/venv/lib/python3.12/site-packages/sentry_sdk/integrations/django/views.py", line 108, in sentry_wrapped_callback
    return callback(request, *args, **kwargs)
           ^^^^^^^^^^^^^^^^^^^^^^^^^^^^^^^^^^
  File "/opt/venv/lib/python3.12/site-packages/django/contrib/auth/decorators.py", line 23, in _wrapper_view
    return view_func(request, *args, **kwargs)
           ^^^^^^^^^^^^^^^^^^^^^^^^^^^^^^^^^^^
  File "/opt/venv/lib/python3.12/site-packages/django/views/decorators/http.py", line 43, in inner
    return func(request, *args, **kwargs)
           ^^^^^^^^^^^^^^^^^^^^^^^^^^^^^^
  File "/app/tcf_website/views/review/votes.py", line 36, in downvote
    review.downvote(request.user)
  File "/app/tcf_website/models/models.py", line 1237, in downvote
    Vote.objects.create(
  File "/opt/venv/lib/python3.12/site-packages/django/db/models/manager.py", line 87, in manager_method
    return getattr(self.get_queryset(), name)(*args, **kwargs)
           ^^^^^^^^^^^^^^^^^^^^^^^^^^^^^^^^^^^^^^^^^^^^^^^^^^^
  File "/opt/venv/lib/python3.12/site-packages/django/db/models/query.py", line 660, in create
    obj.save(force_insert=True, using=self.db)
  File "/opt/venv/lib/python3.12/site-packages/django/db/models/base.py", line 814, in save
    self.save_base(
  File "/opt/venv/lib/python3.12/site-packages/django/db/models/base.py", line 877, in save_base
    updated = self._save_table(
              ^^^^^^^^^^^^^^^^^
  File "/opt/venv/lib/python3.12/site-packages/django/db/models/base.py", line 1020, in _save_table
    results = self._do_insert(
              ^^^^^^^^^^^^^^^^
  File "/opt/venv/lib/python3.12/site-packages/django/db/models/base.py", line 1061, in _do_insert
    return manager._insert(
           ^^^^^^^^^^^^^^^^
  File "/opt/venv/lib/python3.12/site-packages/django/db/models/manager.py", line 87, in manager_method
    return getattr(self.get_queryset(), name)(*args, **kwargs)
           ^^^^^^^^^^^^^^^^^^^^^^^^^^^^^^^^^^^^^^^^^^^^^^^^^^^
  File "/opt/venv/lib/python3.12/site-packages/django/db/models/query.py", line 1810, in _insert
    return query.get_compiler(using=using).execute_sql(returning_fields)
           ^^^^^^^^^^^^^^^^^^^^^^^^^^^^^^^^^^^^^^^^^^^^^^^^^^^^^^^^^^^^^
  File "/opt/venv/lib/python3.12/site-packages/cachalot/monkey_patch.py", line 38, in inner
    return original(compiler, *args, **kwargs)
           ^^^^^^^^^^^^^^^^^^^^^^^^^^^^^^^^^^^
  File "/opt/venv/lib/python3.12/site-packages/cachalot/monkey_patch.py", line 118, in inner
    return original(write_compiler, *args, **kwargs)
           ^^^^^^^^^^^^^^^^^^^^^^^^^^^^^^^^^^^^^^^^^
  File "/opt/venv/lib/python3.12/site-packages/django/db/models/sql/compiler.py", line 1822, in execute_sql
    cursor.execute(sql, params)
  File "/opt/venv/lib/python3.12/site-packages/cachalot/monkey_patch.py", line 142, in inner
    return original(cursor, sql, *args, **kwargs)
           ^^^^^^^^^^^^^^^^^^^^^^^^^^^^^^^^^^^^^^
  File "/opt/venv/lib/python3.12/site-packages/sentry_sdk/utils.py", line 1886, in runner
    return sentry_patched_function(*args, **kwargs)
           ^^^^^^^^^^^^^^^^^^^^^^^^^^^^^^^^^^^^^^^^
  File "/opt/venv/lib/python3.12/site-packages/sentry_sdk/integrations/django/__init__.py", line 682, in execute
    result = real_execute(self, sql, params)
             ^^^^^^^^^^^^^^^^^^^^^^^^^^^^^^^
  File "/opt/venv/lib/python3.12/site-packages/django/db/backends/utils.py", line 67, in execute
    return self._execute_with_wrappers(
           ^^^^^^^^^^^^^^^^^^^^^^^^^^^^
  File "/opt/venv/lib/python3.12/site-packages/django/db/backends/utils.py", line 80, in _execute_with_wrappers
    return executor(sql, params, many, context)
           ^^^^^^^^^^^^^^^^^^^^^^^^^^^^^^^^^^^^
  File "/opt/venv/lib/python3.12/site-packages/django/db/backends/utils.py", line 84, in _execute
    with self.db.wrap_database_errors:
         ^^^^^^^^^^^^^^^^^^^^^^^^^^^^
  File "/opt/venv/lib/python3.12/site-packages/django/db/utils.py", line 91, in __exit__
    raise dj_exc_value.with_traceback(traceback) from exc_value
  File "/opt/venv/lib/python3.12/site-packages/django/db/backends/utils.py", line 89, in _execute
    return self.cursor.execute(sql, params)
           ^^^^^^^^^^^^^^^^^^^^^^^^^^^^^^^^
  File "/opt/venv/lib/python3.12/site-packages/psycopg/cursor.py", line 117, in execute
    raise ex.with_traceback(None)
django.db.utils.IntegrityError: duplicate key value violates unique constraint "unique vote per user and review"
DETAIL:  Key (user_id, review_id)=(22247, 1) already exists.
